Archive member included to satisfy reference by file (symbol)

c:/Users/Jenny/mounriver-studio-projects/UART_test/StdPeriphDriver\libISP592.a(ISP583.o)
                              ./StdPeriphDriver/CH59x_flash.o (FLASH_EEPROM_CMD)
c:/users/jenny/mounriver_studio2/resources/app/resources/win32/components/wch/toolchain/risc-v embedded gcc/bin/../lib/gcc/riscv-none-embed/8.2.0/rv32imac/ilp32\libgcc.a(_divdi3.o)
                              ./StdPeriphDriver/CH59x_clk.o (__divdi3)
c:/users/jenny/mounriver_studio2/resources/app/resources/win32/components/wch/toolchain/risc-v embedded gcc/bin/../lib/gcc/riscv-none-embed/8.2.0/rv32imac/ilp32\libgcc.a(_clz.o)
                              c:/users/jenny/mounriver_studio2/resources/app/resources/win32/components/wch/toolchain/risc-v embedded gcc/bin/../lib/gcc/riscv-none-embed/8.2.0/rv32imac/ilp32\libgcc.a(_divdi3.o) (__clz_tab)

Discarded input sections

 .group         0x0000000000000000        0xc ./User/Main.o
 .group         0x0000000000000000        0xc ./User/Main.o
 .group         0x0000000000000000        0xc ./User/Main.o
 .group         0x0000000000000000        0xc ./User/Main.o
 .group         0x0000000000000000        0xc ./User/Main.o
 .group         0x0000000000000000        0xc ./User/Main.o
 .group         0x0000000000000000        0xc ./User/Main.o
 .group         0x0000000000000000        0xc ./User/Main.o
 .group         0x0000000000000000        0xc ./User/Main.o
 .text          0x0000000000000000        0x0 ./User/Main.o
 .data          0x0000000000000000        0x0 ./User/Main.o
 .bss           0x0000000000000000        0x0 ./User/Main.o
 .eh_frame      0x0000000000000000      0x1c8 ./User/Main.o
 .text          0x0000000000000000        0x0 ./StdPeriphDriver/CH59x_clk.o
 .data          0x0000000000000000        0x0 ./StdPeriphDriver/CH59x_clk.o
 .bss           0x0000000000000000        0x0 ./StdPeriphDriver/CH59x_clk.o
 .text.LClk32K_Cfg
                0x0000000000000000       0x66 ./StdPeriphDriver/CH59x_clk.o
 .text.HSECFG_Current
                0x0000000000000000       0x4e ./StdPeriphDriver/CH59x_clk.o
 .text.HSECFG_Capacitance
                0x0000000000000000       0x52 ./StdPeriphDriver/CH59x_clk.o
 .text.LSECFG_Current
                0x0000000000000000       0x4e ./StdPeriphDriver/CH59x_clk.o
 .text.LClk32K_Select
                0x0000000000000000       0x6a ./StdPeriphDriver/CH59x_clk.o
 .text.LSECFG_Capacitance
                0x0000000000000000       0x50 ./StdPeriphDriver/CH59x_clk.o
 .text.RTC_InitTime
                0x0000000000000000      0x1d0 ./StdPeriphDriver/CH59x_clk.o
 .text.RTC_GetTime
                0x0000000000000000      0x15c ./StdPeriphDriver/CH59x_clk.o
 .text.RTC_SetCycle32k
                0x0000000000000000       0x72 ./StdPeriphDriver/CH59x_clk.o
 .highcode      0x0000000000000000       0x18 ./StdPeriphDriver/CH59x_clk.o
 .text.Calibration_LSI
                0x0000000000000000      0x8c4 ./StdPeriphDriver/CH59x_clk.o
 .text.RTC_TMRFunCfg
                0x0000000000000000       0x84 ./StdPeriphDriver/CH59x_clk.o
 .text.RTC_TRIGFunCfg
                0x0000000000000000       0x6e ./StdPeriphDriver/CH59x_clk.o
 .text.RTC_ModeFunDisable
                0x0000000000000000       0x5c ./StdPeriphDriver/CH59x_clk.o
 .text.RTC_GetITFlag
                0x0000000000000000       0x1a ./StdPeriphDriver/CH59x_clk.o
 .text.RTC_ClearITFlag
                0x0000000000000000       0x20 ./StdPeriphDriver/CH59x_clk.o
 .debug_info    0x0000000000000000     0x2242 ./StdPeriphDriver/CH59x_clk.o
 .debug_abbrev  0x0000000000000000      0x462 ./StdPeriphDriver/CH59x_clk.o
 .debug_loc     0x0000000000000000      0xccc ./StdPeriphDriver/CH59x_clk.o
 .debug_aranges
                0x0000000000000000       0x98 ./StdPeriphDriver/CH59x_clk.o
 .debug_ranges  0x0000000000000000      0x1b8 ./StdPeriphDriver/CH59x_clk.o
 .debug_line    0x0000000000000000     0x2b96 ./StdPeriphDriver/CH59x_clk.o
 .debug_str     0x0000000000000000      0xd26 ./StdPeriphDriver/CH59x_clk.o
 .comment       0x0000000000000000       0x34 ./StdPeriphDriver/CH59x_clk.o
 .debug_frame   0x0000000000000000      0x1e4 ./StdPeriphDriver/CH59x_clk.o
 .text          0x0000000000000000        0x0 ./StdPeriphDriver/CH59x_flash.o
 .data          0x0000000000000000        0x0 ./StdPeriphDriver/CH59x_flash.o
 .bss           0x0000000000000000        0x0 ./StdPeriphDriver/CH59x_flash.o
 .text.FLASH_ROM_READ
                0x0000000000000000       0x1c ./StdPeriphDriver/CH59x_flash.o
 .text.UserOptionByteConfig
                0x0000000000000000       0xdc ./StdPeriphDriver/CH59x_flash.o
 .text.UserOptionByteClose_SWD
                0x0000000000000000       0x7e ./StdPeriphDriver/CH59x_flash.o
 .text.UserOptionByte_Active
                0x0000000000000000       0x88 ./StdPeriphDriver/CH59x_flash.o
 .text.GET_UNIQUE_ID
                0x0000000000000000       0x5a ./StdPeriphDriver/CH59x_flash.o
 .debug_info    0x0000000000000000     0x1075 ./StdPeriphDriver/CH59x_flash.o
 .debug_abbrev  0x0000000000000000      0x349 ./StdPeriphDriver/CH59x_flash.o
 .debug_loc     0x0000000000000000      0x266 ./StdPeriphDriver/CH59x_flash.o
 .debug_aranges
                0x0000000000000000       0x40 ./StdPeriphDriver/CH59x_flash.o
 .debug_ranges  0x0000000000000000       0x30 ./StdPeriphDriver/CH59x_flash.o
 .debug_line    0x0000000000000000      0x8b0 ./StdPeriphDriver/CH59x_flash.o
 .debug_str     0x0000000000000000      0x970 ./StdPeriphDriver/CH59x_flash.o
 .comment       0x0000000000000000       0x34 ./StdPeriphDriver/CH59x_flash.o
 .debug_frame   0x0000000000000000       0xa4 ./StdPeriphDriver/CH59x_flash.o
 .text          0x0000000000000000        0x0 ./StdPeriphDriver/CH59x_gpio.o
 .data          0x0000000000000000        0x0 ./StdPeriphDriver/CH59x_gpio.o
 .bss           0x0000000000000000        0x0 ./StdPeriphDriver/CH59x_gpio.o
 .text.GPIOA_ITModeCfg
                0x0000000000000000       0x82 ./StdPeriphDriver/CH59x_gpio.o
 .text.GPIOB_ITModeCfg
                0x0000000000000000       0x8a ./StdPeriphDriver/CH59x_gpio.o
 .text.GPIOPinRemap
                0x0000000000000000       0x1a ./StdPeriphDriver/CH59x_gpio.o
 .text.GPIOAGPPCfg
                0x0000000000000000       0x1a ./StdPeriphDriver/CH59x_gpio.o
 .text          0x0000000000000000        0x0 ./StdPeriphDriver/CH59x_i2c.o
 .data          0x0000000000000000        0x0 ./StdPeriphDriver/CH59x_i2c.o
 .bss           0x0000000000000000        0x0 ./StdPeriphDriver/CH59x_i2c.o
 .text.I2C_Cmd  0x0000000000000000       0x20 ./StdPeriphDriver/CH59x_i2c.o
 .text.I2C_GenerateSTART
                0x0000000000000000       0x22 ./StdPeriphDriver/CH59x_i2c.o
 .text.I2C_GenerateSTOP
                0x0000000000000000       0x22 ./StdPeriphDriver/CH59x_i2c.o
 .text.I2C_AcknowledgeConfig
                0x0000000000000000       0x22 ./StdPeriphDriver/CH59x_i2c.o
 .text.I2C_OwnAddress2Config
                0x0000000000000000       0x28 ./StdPeriphDriver/CH59x_i2c.o
 .text.I2C_DualAddressCmd
                0x0000000000000000       0x20 ./StdPeriphDriver/CH59x_i2c.o
 .text.I2C_GeneralCallCmd
                0x0000000000000000       0x22 ./StdPeriphDriver/CH59x_i2c.o
 .text.I2C_ITConfig
                0x0000000000000000       0x1e ./StdPeriphDriver/CH59x_i2c.o
 .text.I2C_SendData
                0x0000000000000000        0xa ./StdPeriphDriver/CH59x_i2c.o
 .text.I2C_ReceiveData
                0x0000000000000000        0xe ./StdPeriphDriver/CH59x_i2c.o
 .text.I2C_Send7bitAddress
                0x0000000000000000       0x18 ./StdPeriphDriver/CH59x_i2c.o
 .text.I2C_SoftwareResetCmd
                0x0000000000000000       0x1a ./StdPeriphDriver/CH59x_i2c.o
 .text.I2C_Init
                0x0000000000000000      0x162 ./StdPeriphDriver/CH59x_i2c.o
 .text.I2C_NACKPositionConfig
                0x0000000000000000       0x2a ./StdPeriphDriver/CH59x_i2c.o
 .text.I2C_SMBusAlertConfig
                0x0000000000000000       0x24 ./StdPeriphDriver/CH59x_i2c.o
 .text.I2C_TransmitPEC
                0x0000000000000000       0x20 ./StdPeriphDriver/CH59x_i2c.o
 .text.I2C_PECPositionConfig
                0x0000000000000000        0x8 ./StdPeriphDriver/CH59x_i2c.o
 .text.I2C_CalculatePEC
                0x0000000000000000       0x22 ./StdPeriphDriver/CH59x_i2c.o
 .text.I2C_GetPEC
                0x0000000000000000        0xc ./StdPeriphDriver/CH59x_i2c.o
 .text.I2C_ARPCmd
                0x0000000000000000       0x20 ./StdPeriphDriver/CH59x_i2c.o
 .text.I2C_StretchClockCmd
                0x0000000000000000       0x22 ./StdPeriphDriver/CH59x_i2c.o
 .text.I2C_FastModeDutyCycleConfig
                0x0000000000000000       0x24 ./StdPeriphDriver/CH59x_i2c.o
 .text.I2C_CheckEvent
                0x0000000000000000       0x20 ./StdPeriphDriver/CH59x_i2c.o
 .text.I2C_GetLastEvent
                0x0000000000000000       0x16 ./StdPeriphDriver/CH59x_i2c.o
 .text.I2C_GetFlagStatus
                0x0000000000000000       0x3a ./StdPeriphDriver/CH59x_i2c.o
 .text.I2C_ClearFlag
                0x0000000000000000       0x12 ./StdPeriphDriver/CH59x_i2c.o
 .text.I2C_GetITStatus
                0x0000000000000000       0x26 ./StdPeriphDriver/CH59x_i2c.o
 .text.I2C_ClearITPendingBit
                0x0000000000000000        0x8 ./StdPeriphDriver/CH59x_i2c.o
 .debug_info    0x0000000000000000     0x138e ./StdPeriphDriver/CH59x_i2c.o
 .debug_abbrev  0x0000000000000000      0x3c2 ./StdPeriphDriver/CH59x_i2c.o
 .debug_loc     0x0000000000000000      0x5b8 ./StdPeriphDriver/CH59x_i2c.o
 .debug_aranges
                0x0000000000000000       0xe8 ./StdPeriphDriver/CH59x_i2c.o
 .debug_ranges  0x0000000000000000      0x120 ./StdPeriphDriver/CH59x_i2c.o
 .debug_line    0x0000000000000000      0xfe2 ./StdPeriphDriver/CH59x_i2c.o
 .debug_str     0x0000000000000000      0xca0 ./StdPeriphDriver/CH59x_i2c.o
 .comment       0x0000000000000000       0x34 ./StdPeriphDriver/CH59x_i2c.o
 .debug_frame   0x0000000000000000      0x1fc ./StdPeriphDriver/CH59x_i2c.o
 .text          0x0000000000000000        0x0 ./StdPeriphDriver/CH59x_lcd.o
 .data          0x0000000000000000        0x0 ./StdPeriphDriver/CH59x_lcd.o
 .bss           0x0000000000000000        0x0 ./StdPeriphDriver/CH59x_lcd.o
 .text.LCD_Init
                0x0000000000000000       0x38 ./StdPeriphDriver/CH59x_lcd.o
 .debug_info    0x0000000000000000      0xceb ./StdPeriphDriver/CH59x_lcd.o
 .debug_abbrev  0x0000000000000000      0x208 ./StdPeriphDriver/CH59x_lcd.o
 .debug_loc     0x0000000000000000       0x42 ./StdPeriphDriver/CH59x_lcd.o
 .debug_aranges
                0x0000000000000000       0x20 ./StdPeriphDriver/CH59x_lcd.o
 .debug_ranges  0x0000000000000000       0x10 ./StdPeriphDriver/CH59x_lcd.o
 .debug_line    0x0000000000000000      0x340 ./StdPeriphDriver/CH59x_lcd.o
 .debug_str     0x0000000000000000      0x8dd ./StdPeriphDriver/CH59x_lcd.o
 .comment       0x0000000000000000       0x34 ./StdPeriphDriver/CH59x_lcd.o
 .debug_frame   0x0000000000000000       0x20 ./StdPeriphDriver/CH59x_lcd.o
 .text          0x0000000000000000        0x0 ./StdPeriphDriver/CH59x_pwr.o
 .data          0x0000000000000000        0x0 ./StdPeriphDriver/CH59x_pwr.o
 .bss           0x0000000000000000        0x0 ./StdPeriphDriver/CH59x_pwr.o
 .text.PWR_DCDCCfg
                0x0000000000000000      0x122 ./StdPeriphDriver/CH59x_pwr.o
 .text.PWR_UnitModCfg
                0x0000000000000000       0x5e ./StdPeriphDriver/CH59x_pwr.o
 .text.PWR_PeriphClkCfg
                0x0000000000000000       0x52 ./StdPeriphDriver/CH59x_pwr.o
 .text.PWR_PeriphWakeUpCfg
                0x0000000000000000       0xfc ./StdPeriphDriver/CH59x_pwr.o
 .text.PowerMonitor
                0x0000000000000000       0xec ./StdPeriphDriver/CH59x_pwr.o
 .highcode      0x0000000000000000      0x538 ./StdPeriphDriver/CH59x_pwr.o
 .debug_info    0x0000000000000000     0x2055 ./StdPeriphDriver/CH59x_pwr.o
 .debug_abbrev  0x0000000000000000      0x416 ./StdPeriphDriver/CH59x_pwr.o
 .debug_loc     0x0000000000000000      0x7a0 ./StdPeriphDriver/CH59x_pwr.o
 .debug_aranges
                0x0000000000000000       0x60 ./StdPeriphDriver/CH59x_pwr.o
 .debug_ranges  0x0000000000000000      0x148 ./StdPeriphDriver/CH59x_pwr.o
 .debug_line    0x0000000000000000     0x1c54 ./StdPeriphDriver/CH59x_pwr.o
 .debug_str     0x0000000000000000      0xbf7 ./StdPeriphDriver/CH59x_pwr.o
 .comment       0x0000000000000000       0x34 ./StdPeriphDriver/CH59x_pwr.o
 .debug_frame   0x0000000000000000      0x160 ./StdPeriphDriver/CH59x_pwr.o
 .text          0x0000000000000000        0x0 ./StdPeriphDriver/CH59x_sys.o
 .data          0x0000000000000000        0x0 ./StdPeriphDriver/CH59x_sys.o
 .bss           0x0000000000000000        0x0 ./StdPeriphDriver/CH59x_sys.o
 .text.SYS_GetInfoSta
                0x0000000000000000       0x24 ./StdPeriphDriver/CH59x_sys.o
 .text.SYS_DisableAllIrq
                0x0000000000000000       0x20 ./StdPeriphDriver/CH59x_sys.o
 .text.SYS_RecoverIrq
                0x0000000000000000       0x14 ./StdPeriphDriver/CH59x_sys.o
 .text.SYS_GetSysTickCnt
                0x0000000000000000        0xa ./StdPeriphDriver/CH59x_sys.o
 .text.WWDG_ITCfg
                0x0000000000000000       0x58 ./StdPeriphDriver/CH59x_sys.o
 .text.WWDG_ResetCfg
                0x0000000000000000       0x58 ./StdPeriphDriver/CH59x_sys.o
 .text.WWDG_ClearFlag
                0x0000000000000000       0x4a ./StdPeriphDriver/CH59x_sys.o
 .text._write   0x0000000000000000       0x28 ./StdPeriphDriver/CH59x_sys.o
 .text._sbrk    0x0000000000000000       0x34 ./StdPeriphDriver/CH59x_sys.o
 .sdata.curbrk.3970
                0x0000000000000000        0x4 ./StdPeriphDriver/CH59x_sys.o
 .text          0x0000000000000000        0x0 ./StdPeriphDriver/CH59x_uart0.o
 .data          0x0000000000000000        0x0 ./StdPeriphDriver/CH59x_uart0.o
 .bss           0x0000000000000000        0x0 ./StdPeriphDriver/CH59x_uart0.o
 .text.UART0_BaudRateCfg
                0x0000000000000000       0x36 ./StdPeriphDriver/CH59x_uart0.o
 .text.UART0_DefInit
                0x0000000000000000       0x38 ./StdPeriphDriver/CH59x_uart0.o
 .text.UART0_ByteTrigCfg
                0x0000000000000000       0x1a ./StdPeriphDriver/CH59x_uart0.o
 .text.UART0_INTCfg
                0x0000000000000000       0x2a ./StdPeriphDriver/CH59x_uart0.o
 .text.UART0_Reset
                0x0000000000000000        0xe ./StdPeriphDriver/CH59x_uart0.o
 .text.UART0_SendString
                0x0000000000000000       0x28 ./StdPeriphDriver/CH59x_uart0.o
 .text.UART0_RecvString
                0x0000000000000000       0x2a ./StdPeriphDriver/CH59x_uart0.o
 .debug_info    0x0000000000000000      0xe0a ./StdPeriphDriver/CH59x_uart0.o
 .debug_abbrev  0x0000000000000000      0x2aa ./StdPeriphDriver/CH59x_uart0.o
 .debug_loc     0x0000000000000000      0x1ed ./StdPeriphDriver/CH59x_uart0.o
 .debug_aranges
                0x0000000000000000       0x50 ./StdPeriphDriver/CH59x_uart0.o
 .debug_ranges  0x0000000000000000       0x40 ./StdPeriphDriver/CH59x_uart0.o
 .debug_line    0x0000000000000000      0x637 ./StdPeriphDriver/CH59x_uart0.o
 .debug_str     0x0000000000000000      0x944 ./StdPeriphDriver/CH59x_uart0.o
 .comment       0x0000000000000000       0x34 ./StdPeriphDriver/CH59x_uart0.o
 .debug_frame   0x0000000000000000       0x9c ./StdPeriphDriver/CH59x_uart0.o
 .text          0x0000000000000000        0x0 ./StdPeriphDriver/CH59x_uart1.o
 .data          0x0000000000000000        0x0 ./StdPeriphDriver/CH59x_uart1.o
 .bss           0x0000000000000000        0x0 ./StdPeriphDriver/CH59x_uart1.o
 .text.UART1_Reset
                0x0000000000000000        0xe ./StdPeriphDriver/CH59x_uart1.o
 .text.UART1_SendString
                0x0000000000000000       0x28 ./StdPeriphDriver/CH59x_uart1.o
 .text.UART1_RecvString
                0x0000000000000000       0x2a ./StdPeriphDriver/CH59x_uart1.o
 .text          0x0000000000000000        0x0 ./Startup/startup_CH592.o
 .data          0x0000000000000000        0x0 ./Startup/startup_CH592.o
 .bss           0x0000000000000000        0x0 ./Startup/startup_CH592.o
 .text          0x0000000000000000        0x0 ./RVMSIS/core_riscv.o
 .data          0x0000000000000000        0x0 ./RVMSIS/core_riscv.o
 .bss           0x0000000000000000        0x0 ./RVMSIS/core_riscv.o
 .text.__get_MSTATUS
                0x0000000000000000        0x6 ./RVMSIS/core_riscv.o
 .text.__set_MSTATUS
                0x0000000000000000        0x6 ./RVMSIS/core_riscv.o
 .text.__get_MISA
                0x0000000000000000        0x6 ./RVMSIS/core_riscv.o
 .text.__set_MISA
                0x0000000000000000        0x6 ./RVMSIS/core_riscv.o
 .text.__get_MTVEC
                0x0000000000000000        0x6 ./RVMSIS/core_riscv.o
 .text.__set_MTVEC
                0x0000000000000000        0x6 ./RVMSIS/core_riscv.o
 .text.__get_MSCRATCH
                0x0000000000000000        0x6 ./RVMSIS/core_riscv.o
 .text.__set_MSCRATCH
                0x0000000000000000        0x6 ./RVMSIS/core_riscv.o
 .text.__get_MEPC
                0x0000000000000000        0x6 ./RVMSIS/core_riscv.o
 .text.__set_MEPC
                0x0000000000000000        0x6 ./RVMSIS/core_riscv.o
 .text.__get_MCAUSE
                0x0000000000000000        0x6 ./RVMSIS/core_riscv.o
 .text.__set_MCAUSE
                0x0000000000000000        0x6 ./RVMSIS/core_riscv.o
 .text.__get_MTVAL
                0x0000000000000000        0x6 ./RVMSIS/core_riscv.o
 .text.__set_MTVAL
                0x0000000000000000        0x6 ./RVMSIS/core_riscv.o
 .text.__get_MVENDORID
                0x0000000000000000        0x6 ./RVMSIS/core_riscv.o
 .text.__get_MARCHID
                0x0000000000000000        0x6 ./RVMSIS/core_riscv.o
 .text.__get_MIMPID
                0x0000000000000000        0x6 ./RVMSIS/core_riscv.o
 .text.__get_MHARTID
                0x0000000000000000        0x6 ./RVMSIS/core_riscv.o
 .text.__get_SP
                0x0000000000000000        0x4 ./RVMSIS/core_riscv.o
 .debug_info    0x0000000000000000      0x376 ./RVMSIS/core_riscv.o
 .debug_abbrev  0x0000000000000000       0xe0 ./RVMSIS/core_riscv.o
 .debug_aranges
                0x0000000000000000       0xb0 ./RVMSIS/core_riscv.o
 .debug_ranges  0x0000000000000000       0xa0 ./RVMSIS/core_riscv.o
 .debug_line    0x0000000000000000      0x4a8 ./RVMSIS/core_riscv.o
 .debug_str     0x0000000000000000      0x2ba ./RVMSIS/core_riscv.o
 .comment       0x0000000000000000       0x34 ./RVMSIS/core_riscv.o
 .debug_frame   0x0000000000000000      0x140 ./RVMSIS/core_riscv.o
 .text          0x0000000000000000        0x0 c:/Users/Jenny/mounriver-studio-projects/UART_test/StdPeriphDriver\libISP592.a(ISP583.o)
 .data          0x0000000000000000        0x0 c:/Users/Jenny/mounriver-studio-projects/UART_test/StdPeriphDriver\libISP592.a(ISP583.o)
 .bss           0x0000000000000000        0x0 c:/Users/Jenny/mounriver-studio-projects/UART_test/StdPeriphDriver\libISP592.a(ISP583.o)
 .text          0x0000000000000000        0x0 c:/users/jenny/mounriver_studio2/resources/app/resources/win32/components/wch/toolchain/risc-v embedded gcc/bin/../lib/gcc/riscv-none-embed/8.2.0/rv32imac/ilp32\libgcc.a(_divdi3.o)
 .data          0x0000000000000000        0x0 c:/users/jenny/mounriver_studio2/resources/app/resources/win32/components/wch/toolchain/risc-v embedded gcc/bin/../lib/gcc/riscv-none-embed/8.2.0/rv32imac/ilp32\libgcc.a(_divdi3.o)
 .bss           0x0000000000000000        0x0 c:/users/jenny/mounriver_studio2/resources/app/resources/win32/components/wch/toolchain/risc-v embedded gcc/bin/../lib/gcc/riscv-none-embed/8.2.0/rv32imac/ilp32\libgcc.a(_divdi3.o)
 .text.__divdi3
                0x0000000000000000      0x3d8 c:/users/jenny/mounriver_studio2/resources/app/resources/win32/components/wch/toolchain/risc-v embedded gcc/bin/../lib/gcc/riscv-none-embed/8.2.0/rv32imac/ilp32\libgcc.a(_divdi3.o)
 .eh_frame      0x0000000000000000       0x28 c:/users/jenny/mounriver_studio2/resources/app/resources/win32/components/wch/toolchain/risc-v embedded gcc/bin/../lib/gcc/riscv-none-embed/8.2.0/rv32imac/ilp32\libgcc.a(_divdi3.o)
 .text          0x0000000000000000        0x0 c:/users/jenny/mounriver_studio2/resources/app/resources/win32/components/wch/toolchain/risc-v embedded gcc/bin/../lib/gcc/riscv-none-embed/8.2.0/rv32imac/ilp32\libgcc.a(_clz.o)
 .data          0x0000000000000000        0x0 c:/users/jenny/mounriver_studio2/resources/app/resources/win32/components/wch/toolchain/risc-v embedded gcc/bin/../lib/gcc/riscv-none-embed/8.2.0/rv32imac/ilp32\libgcc.a(_clz.o)
 .bss           0x0000000000000000        0x0 c:/users/jenny/mounriver_studio2/resources/app/resources/win32/components/wch/toolchain/risc-v embedded gcc/bin/../lib/gcc/riscv-none-embed/8.2.0/rv32imac/ilp32\libgcc.a(_clz.o)
 .rodata.__clz_tab
                0x0000000000000000      0x100 c:/users/jenny/mounriver_studio2/resources/app/resources/win32/components/wch/toolchain/risc-v embedded gcc/bin/../lib/gcc/riscv-none-embed/8.2.0/rv32imac/ilp32\libgcc.a(_clz.o)

Memory Configuration

Name             Origin             Length             Attributes
FLASH            0x0000000000000000 0x0000000000070000 xr
RAM              0x0000000020000000 0x0000000000006800 xrw
*default*        0x0000000000000000 0xffffffffffffffff

Linker script and memory map

LOAD ./User/Main.o
LOAD ./StdPeriphDriver/CH59x_clk.o
LOAD ./StdPeriphDriver/CH59x_flash.o
LOAD ./StdPeriphDriver/CH59x_gpio.o
LOAD ./StdPeriphDriver/CH59x_i2c.o
LOAD ./StdPeriphDriver/CH59x_lcd.o
LOAD ./StdPeriphDriver/CH59x_pwr.o
LOAD ./StdPeriphDriver/CH59x_sys.o
LOAD ./StdPeriphDriver/CH59x_uart0.o
LOAD ./StdPeriphDriver/CH59x_uart1.o
LOAD ./Startup/startup_CH592.o
LOAD ./RVMSIS/core_riscv.o
LOAD c:/Users/Jenny/mounriver-studio-projects/UART_test/StdPeriphDriver\libISP592.a
LOAD c:/users/jenny/mounriver_studio2/resources/app/resources/win32/components/wch/toolchain/risc-v embedded gcc/bin/../lib/gcc/riscv-none-embed/8.2.0/../../../../riscv-none-embed/lib/rv32imac/ilp32\libstdc++_nano.a
LOAD c:/users/jenny/mounriver_studio2/resources/app/resources/win32/components/wch/toolchain/risc-v embedded gcc/bin/../lib/gcc/riscv-none-embed/8.2.0/../../../../riscv-none-embed/lib/rv32imac/ilp32\libm.a
LOAD c:/users/jenny/mounriver_studio2/resources/app/resources/win32/components/wch/toolchain/risc-v embedded gcc/bin/../lib/gcc/riscv-none-embed/8.2.0/rv32imac/ilp32\libgcc.a
LOAD c:/users/jenny/mounriver_studio2/resources/app/resources/win32/components/wch/toolchain/risc-v embedded gcc/bin/../lib/gcc/riscv-none-embed/8.2.0/../../../../riscv-none-embed/lib/rv32imac/ilp32\libg_nano.a
LOAD c:/users/jenny/mounriver_studio2/resources/app/resources/win32/components/wch/toolchain/risc-v embedded gcc/bin/../lib/gcc/riscv-none-embed/8.2.0/../../../../riscv-none-embed/lib/rv32imac/ilp32\libc_nano.a
LOAD c:/users/jenny/mounriver_studio2/resources/app/resources/win32/components/wch/toolchain/risc-v embedded gcc/bin/../lib/gcc/riscv-none-embed/8.2.0/rv32imac/ilp32\libgcc.a
START GROUP
LOAD c:/users/jenny/mounriver_studio2/resources/app/resources/win32/components/wch/toolchain/risc-v embedded gcc/bin/../lib/gcc/riscv-none-embed/8.2.0/rv32imac/ilp32\libgcc.a
LOAD c:/users/jenny/mounriver_studio2/resources/app/resources/win32/components/wch/toolchain/risc-v embedded gcc/bin/../lib/gcc/riscv-none-embed/8.2.0/../../../../riscv-none-embed/lib/rv32imac/ilp32\libc_nano.a
LOAD c:/users/jenny/mounriver_studio2/resources/app/resources/win32/components/wch/toolchain/risc-v embedded gcc/bin/../lib/gcc/riscv-none-embed/8.2.0/../../../../riscv-none-embed/lib/rv32imac/ilp32\libnosys.a
END GROUP
START GROUP
LOAD c:/users/jenny/mounriver_studio2/resources/app/resources/win32/components/wch/toolchain/risc-v embedded gcc/bin/../lib/gcc/riscv-none-embed/8.2.0/rv32imac/ilp32\libgcc.a
LOAD c:/users/jenny/mounriver_studio2/resources/app/resources/win32/components/wch/toolchain/risc-v embedded gcc/bin/../lib/gcc/riscv-none-embed/8.2.0/../../../../riscv-none-embed/lib/rv32imac/ilp32\libc_nano.a
LOAD c:/users/jenny/mounriver_studio2/resources/app/resources/win32/components/wch/toolchain/risc-v embedded gcc/bin/../lib/gcc/riscv-none-embed/8.2.0/../../../../riscv-none-embed/lib/rv32imac/ilp32\libnosys.a
END GROUP
                0x0000000000000200                __stack_size = 0x200
                [!provide]                        PROVIDE (_stack_size = __stack_size)

.init           0x0000000000000000        0x4
                0x0000000000000000                _sinit = .
                0x0000000000000000                . = ALIGN (0x4)
 *(SORT_NONE(.init))
 .init          0x0000000000000000        0x4 ./Startup/startup_CH592.o
                0x0000000000000000                _start
                0x0000000000000004                . = ALIGN (0x4)
                0x0000000000000004                _einit = .

.highcodelalign
                0x0000000000000004        0x0
                0x0000000000000004                . = ALIGN (0x4)
                0x0000000000000004                PROVIDE (_highcode_lma = .)

.highcode       0x0000000020000000      0x86c load address 0x0000000000000004
                0x0000000020000000                . = ALIGN (0x4)
                0x0000000020000000                PROVIDE (_highcode_vma_start = .)
 *(.vector)
 .vector        0x0000000020000000       0x90 ./Startup/startup_CH592.o
 *(SORT_NONE(.vector_handler))
 .vector_handler
                0x0000000020000090        0x2 ./Startup/startup_CH592.o
                0x0000000020000090                GPIOB_IRQHandler
                0x0000000020000090                GPIOA_IRQHandler
                0x0000000020000090                SysTick_Handler
                0x0000000020000090                NMI_Handler
                0x0000000020000090                UART0_IRQHandler
                0x0000000020000090                BB_IRQHandler
                0x0000000020000090                Break_Point_Handler
                0x0000000020000090                Ecall_M_Mode_Handler
                0x0000000020000090                RTC_IRQHandler
                0x0000000020000090                UART2_IRQHandler
                0x0000000020000090                PWMX_IRQHandler
                0x0000000020000090                ADC_IRQHandler
                0x0000000020000090                TMR2_IRQHandler
                0x0000000020000090                USB_IRQHandler
                0x0000000020000090                I2C_IRQHandler
                0x0000000020000090                LLE_IRQHandler
                0x0000000020000090                WDOG_BAT_IRQHandler
                0x0000000020000090                Ecall_U_Mode_Handler
                0x0000000020000090                TMR3_IRQHandler
                0x0000000020000090                SW_Handler
                0x0000000020000090                SPI0_IRQHandler
                0x0000000020000090                UART3_IRQHandler
                0x0000000020000090                TMR1_IRQHandler
 *(.highcode)
 .highcode      0x0000000020000092       0xe4 ./User/Main.o
                0x0000000020000092                TMR0_IRQHandler
                0x0000000020000132                UART1_IRQHandler
 .highcode      0x0000000020000176      0x2ce ./StdPeriphDriver/CH59x_sys.o
                0x0000000020000176                SetSysClock
                0x0000000020000336                SYS_ResetExecute
                0x000000002000038e                HardFault_Handler
                0x000000002000040e                mDelayuS
                0x000000002000041c                mDelaymS
 .highcode      0x0000000020000444      0x426 c:/Users/Jenny/mounriver-studio-projects/UART_test/StdPeriphDriver\libISP592.a(ISP583.o)
                0x0000000020000444                FLASH_ROM_BEG
                0x0000000020000456                FLASH_ROM_END
                0x0000000020000464                FLASH_ROM_IN
                0x0000000020000472                FLASH_ROM_OUT
                0x0000000020000480                FLASH_ROM_ADDR
                0x00000000200004c8                FLASH_ROM_WAIT
                0x0000000020000500                FLASH_EEPROM_CMD
 *(.highcode.*)
                0x000000002000086c                . = ALIGN (0x4)
 *fill*         0x000000002000086a        0x2 
                0x000000002000086c                PROVIDE (_highcode_vma_end = .)

.text           0x0000000000000870      0x7a4
                0x0000000000000870                . = ALIGN (0x4)
 *(SORT_NONE(.handle_reset))
 .handle_reset  0x0000000000000870       0xb2 ./Startup/startup_CH592.o
                0x0000000000000870                handle_reset
 *(.text)
 *(.text.*)
 .text._ZN14UartMasterPort12setIdleStateEv
                0x0000000000000922       0x46 ./User/Main.o
                0x0000000000000922                UartMasterPort::setIdleState()
 .text._ZN14UartMasterPort17setTxCommandStateEv
                0x0000000000000968       0x2a ./User/Main.o
                0x0000000000000968                UartMasterPort::setTxCommandState()
 .text._ZN14UartMasterPort15setTriggerPointEt
                0x0000000000000992       0x38 ./User/Main.o
                0x0000000000000992                UartMasterPort::setTriggerPoint(unsigned short)
 .text._ZN14UartMasterPort14setTxDataStateEv
                0x00000000000009ca       0x2e ./User/Main.o
                0x00000000000009ca                UartMasterPort::setTxDataState()
 .text._ZN14UartMasterPort14setRxDataStateEv
                0x00000000000009f8       0x20 ./User/Main.o
                0x00000000000009f8                UartMasterPort::setRxDataState()
 .text._ZN14UartMasterPort15commandTransmitEv
                0x0000000000000a18       0x2a ./User/Main.o
                0x0000000000000a18                UartMasterPort::commandTransmit()
 .text._ZN14UartMasterPort12dataTransmitEv
                0x0000000000000a42       0x44 ./User/Main.o
                0x0000000000000a42                UartMasterPort::dataTransmit()
 .text._ZN14UartMasterPort12echoReceivedEv
                0x0000000000000a86       0x60 ./User/Main.o
                0x0000000000000a86                UartMasterPort::echoReceived()
 .text._ZN14UartMasterPort17interruptReceivedEv
                0x0000000000000ae6      0x13a ./User/Main.o
                0x0000000000000ae6                UartMasterPort::interruptReceived()
 .text.startup.main
                0x0000000000000c20      0x162 ./User/Main.o
                0x0000000000000c20                main
 .text.startup._GLOBAL__sub_I_UART1
                0x0000000000000d82       0x38 ./User/Main.o
 .text.GPIOA_ModeCfg
                0x0000000000000dba       0xa6 ./StdPeriphDriver/CH59x_gpio.o
                0x0000000000000dba                GPIOA_ModeCfg
 .text.GPIOB_ModeCfg
                0x0000000000000e60       0xa6 ./StdPeriphDriver/CH59x_gpio.o
                0x0000000000000e60                GPIOB_ModeCfg
 .text.GetSysClock
                0x0000000000000f06       0x40 ./StdPeriphDriver/CH59x_sys.o
                0x0000000000000f06                GetSysClock
 .text.UART1_BaudRateCfg
                0x0000000000000f46       0x30 ./StdPeriphDriver/CH59x_uart1.o
                0x0000000000000f46                UART1_BaudRateCfg
 .text.UART1_DefInit
                0x0000000000000f76       0x32 ./StdPeriphDriver/CH59x_uart1.o
                0x0000000000000f76                UART1_DefInit
 .text.UART1_ByteTrigCfg
                0x0000000000000fa8       0x1a ./StdPeriphDriver/CH59x_uart1.o
                0x0000000000000fa8                UART1_ByteTrigCfg
 .text.UART1_INTCfg
                0x0000000000000fc2       0x2a ./StdPeriphDriver/CH59x_uart1.o
                0x0000000000000fc2                UART1_INTCfg
 *(.rodata)
 *(.rodata*)
 .rodata.GPIOA_ModeCfg
                0x0000000000000fec       0x14 ./StdPeriphDriver/CH59x_gpio.o
 .rodata.GPIOB_ModeCfg
                0x0000000000001000       0x14 ./StdPeriphDriver/CH59x_gpio.o
 *(.sdata2.*)
 *(.glue_7)
 *(.glue_7t)
 *(.gnu.linkonce.t.*)
                0x0000000000001014                . = ALIGN (0x4)

.rela.dyn       0x0000000000001014        0x0
 .rela.text._ZN14UartMasterPort14setTxDataStateEv
                0x0000000000001014        0x0 ./User/Main.o
 .rela.text._ZN14UartMasterPort14setRxDataStateEv
                0x0000000000001014        0x0 ./User/Main.o
 .rela.text._ZN14UartMasterPort12echoReceivedEv
                0x0000000000001014        0x0 ./User/Main.o
 .rela.text._ZN14UartMasterPort17interruptReceivedEv
                0x0000000000001014        0x0 ./User/Main.o
 .rela.text.startup.main
                0x0000000000001014        0x0 ./User/Main.o
 .rela.highcode
                0x0000000000001014        0x0 ./User/Main.o
 .rela.init     0x0000000000001014        0x0 ./User/Main.o
 .rela.vector   0x0000000000001014        0x0 ./User/Main.o
 .rela.handle_reset
                0x0000000000001014        0x0 ./User/Main.o

.fini           0x0000000000001014        0x0
 *(SORT_NONE(.fini))
                0x0000000000001014                . = ALIGN (0x4)
                [!provide]                        PROVIDE (_etext = .)
                [!provide]                        PROVIDE (_eitcm = .)

.preinit_array  0x0000000000001014        0x0
                [!provide]                        PROVIDE (__preinit_array_start = .)
 *(.preinit_array)
                [!provide]                        PROVIDE (__preinit_array_end = .)

.init_array     0x0000000000001014        0x4
                [!provide]                        PROVIDE (__init_array_start = .)
 *(SORT_BY_INIT_PRIORITY(.init_array.*) SORT_BY_INIT_PRIORITY(.ctors.*))
 *(.init_array EXCLUDE_FILE(*crtend?.o *crtend.o *crtbegin?.o *crtbegin.o) .ctors)
 .init_array    0x0000000000001014        0x4 ./User/Main.o
                [!provide]                        PROVIDE (__init_array_end = .)

.fini_array     0x0000000000001018        0x0
                [!provide]                        PROVIDE (__fini_array_start = .)
 *(SORT_BY_INIT_PRIORITY(.fini_array.*) SORT_BY_INIT_PRIORITY(.dtors.*))
 *(.fini_array EXCLUDE_FILE(*crtend?.o *crtend.o *crtbegin?.o *crtbegin.o) .dtors)
                [!provide]                        PROVIDE (__fini_array_end = .)

.ctors
 *crtbegin.o(.ctors)
 *crtbegin?.o(.ctors)
 *(EXCLUDE_FILE(*crtend?.o *crtend.o) .ctors)
 *(SORT_BY_NAME(.ctors.*))
 *(.ctors)

.dtors
 *crtbegin.o(.dtors)
 *crtbegin?.o(.dtors)
 *(EXCLUDE_FILE(*crtend?.o *crtend.o) .dtors)
 *(SORT_BY_NAME(.dtors.*))
 *(.dtors)

.dalign         0x000000002000086c        0x0 load address 0x0000000000001018
                0x000000002000086c                . = (ORIGIN (RAM) + SIZEOF (.highcode))

.dlalign        0x0000000000001018        0x0
                0x0000000000001018                . = ALIGN (0x4)
                0x0000000000001018                PROVIDE (_data_lma = .)

.data           0x000000002000086c       0x1c load address 0x0000000000001018
                0x000000002000086c                . = ALIGN (0x4)
                0x000000002000086c                PROVIDE (_data_vma = .)
 *(.gnu.linkonce.r.*)
 *(.data .data.*)
 .data.TxBuff   0x000000002000086c       0x18 ./User/Main.o
                0x000000002000086c                TxBuff
 *(.gnu.linkonce.d.*)
                0x0000000020000888                . = ALIGN (0x8)
 *fill*         0x0000000020000884        0x4 
                0x0000000020001088                PROVIDE (__global_pointer$ = (. + 0x800))
 *(.sdata .sdata.*)
 *(.gnu.linkonce.s.*)
                0x0000000020000888                . = ALIGN (0x8)
 *(.srodata.cst16)
 *(.srodata.cst8)
 *(.srodata.cst4)
 *(.srodata.cst2)
 *(.srodata .srodata.*)
                0x0000000020000888                . = ALIGN (0x4)
                0x0000000020000888                PROVIDE (_edata = .)

.bss            0x0000000020000888       0x3c load address 0x0000000000001034
                0x0000000020000888                . = ALIGN (0x4)
                0x0000000020000888                PROVIDE (_sbss = .)
 *(.sbss*)
 .sbss.command  0x0000000020000888        0x1 ./User/Main.o
                0x0000000020000888                command
 *(.gnu.linkonce.sb.*)
 *(.bss*)
 *fill*         0x0000000020000889        0x3 
 .bss.RxBuff    0x000000002000088c       0x18 ./User/Main.o
                0x000000002000088c                RxBuff
 .bss.UART1     0x00000000200008a4       0x20 ./User/Main.o
                0x00000000200008a4                UART1
 *(.gnu.linkonce.b.*)
 *(COMMON*)
                0x00000000200008c4                . = ALIGN (0x4)
                0x00000000200008c4                PROVIDE (_ebss = .)
                0x00000000200008c4                PROVIDE (_end = _ebss)
                [!provide]                        PROVIDE (end = .)

.stack          0x0000000020006600      0x200
                0x0000000020006600                PROVIDE (_heap_end = .)
                0x0000000020006600                . = ALIGN (0x4)
                [!provide]                        PROVIDE (_susrstack = .)
                0x0000000020006800                . = (. + __stack_size)
 *fill*         0x0000000020006600      0x200 
                0x0000000020006800                PROVIDE (_eusrstack = .)
OUTPUT(UART_test.elf elf32-littleriscv)

.debug_info     0x0000000000000000     0x52be
 .debug_info    0x0000000000000000     0x1dab ./User/Main.o
 .debug_info    0x0000000000001dab      0xe32 ./StdPeriphDriver/CH59x_gpio.o
 .debug_info    0x0000000000002bdd     0x18b5 ./StdPeriphDriver/CH59x_sys.o
 .debug_info    0x0000000000004492      0xe0a ./StdPeriphDriver/CH59x_uart1.o
 .debug_info    0x000000000000529c       0x22 ./Startup/startup_CH592.o

.debug_abbrev   0x0000000000000000      0xea6
 .debug_abbrev  0x0000000000000000      0x52f ./User/Main.o
 .debug_abbrev  0x000000000000052f      0x268 ./StdPeriphDriver/CH59x_gpio.o
 .debug_abbrev  0x0000000000000797      0x453 ./StdPeriphDriver/CH59x_sys.o
 .debug_abbrev  0x0000000000000bea      0x2aa ./StdPeriphDriver/CH59x_uart1.o
 .debug_abbrev  0x0000000000000e94       0x12 ./Startup/startup_CH592.o

.debug_loc      0x0000000000000000      0xfa2
 .debug_loc     0x0000000000000000      0x5fe ./User/Main.o
 .debug_loc     0x00000000000005fe      0x361 ./StdPeriphDriver/CH59x_gpio.o
 .debug_loc     0x000000000000095f      0x456 ./StdPeriphDriver/CH59x_sys.o
 .debug_loc     0x0000000000000db5      0x1ed ./StdPeriphDriver/CH59x_uart1.o

.debug_aranges  0x0000000000000000      0x1d8
 .debug_aranges
                0x0000000000000000       0x80 ./User/Main.o
 .debug_aranges
                0x0000000000000080       0x48 ./StdPeriphDriver/CH59x_gpio.o
 .debug_aranges
                0x00000000000000c8       0x90 ./StdPeriphDriver/CH59x_sys.o
 .debug_aranges
                0x0000000000000158       0x50 ./StdPeriphDriver/CH59x_uart1.o
 .debug_aranges
                0x00000000000001a8       0x30 ./Startup/startup_CH592.o

.debug_ranges   0x0000000000000000      0x318
 .debug_ranges  0x0000000000000000      0x198 ./User/Main.o
 .debug_ranges  0x0000000000000198       0x38 ./StdPeriphDriver/CH59x_gpio.o
 .debug_ranges  0x00000000000001d0       0xe0 ./StdPeriphDriver/CH59x_sys.o
 .debug_ranges  0x00000000000002b0       0x40 ./StdPeriphDriver/CH59x_uart1.o
 .debug_ranges  0x00000000000002f0       0x28 ./Startup/startup_CH592.o

.debug_line     0x0000000000000000     0x3422
 .debug_line    0x0000000000000000     0x1304 ./User/Main.o
 .debug_line    0x0000000000001304      0x7f4 ./StdPeriphDriver/CH59x_gpio.o
 .debug_line    0x0000000000001af8     0x11a8 ./StdPeriphDriver/CH59x_sys.o
 .debug_line    0x0000000000002ca0      0x637 ./StdPeriphDriver/CH59x_uart1.o
 .debug_line    0x00000000000032d7      0x14b ./Startup/startup_CH592.o

.debug_str      0x0000000000000000     0x1579
 .debug_str     0x0000000000000000     0x1170 ./User/Main.o
                                       0x1297 (size before relaxing)
 .debug_str     0x0000000000001170      0x1a7 ./StdPeriphDriver/CH59x_gpio.o
                                        0x99f (size before relaxing)
 .debug_str     0x0000000000001317      0x1d1 ./StdPeriphDriver/CH59x_sys.o
                                        0xbd2 (size before relaxing)
 .debug_str     0x00000000000014e8       0x6a ./StdPeriphDriver/CH59x_uart1.o
                                        0x944 (size before relaxing)
 .debug_str     0x0000000000001552       0x27 ./Startup/startup_CH592.o
                                         0x5e (size before relaxing)

.comment        0x0000000000000000       0x33
 .comment       0x0000000000000000       0x33 ./User/Main.o
                                         0x34 (size before relaxing)
 .comment       0x0000000000000033       0x34 ./StdPeriphDriver/CH59x_gpio.o
 .comment       0x0000000000000033       0x34 ./StdPeriphDriver/CH59x_sys.o
 .comment       0x0000000000000033       0x34 ./StdPeriphDriver/CH59x_uart1.o
 .comment       0x0000000000000033       0x34 c:/Users/Jenny/mounriver-studio-projects/UART_test/StdPeriphDriver\libISP592.a(ISP583.o)

.debug_frame    0x0000000000000000      0x258
 .debug_frame   0x0000000000000000       0x70 ./StdPeriphDriver/CH59x_gpio.o
 .debug_frame   0x0000000000000070      0x14c ./StdPeriphDriver/CH59x_sys.o
 .debug_frame   0x00000000000001bc       0x9c ./StdPeriphDriver/CH59x_uart1.o
