Archive member included to satisfy reference by file (symbol)

c:/Users/Jenny/mounriver-studio-projects/UART_test/StdPeriphDriver\libISP592.a(ISP583.o)
                              ./StdPeriphDriver/CH59x_flash.o (FLASH_EEPROM_CMD)
c:/users/jenny/mounriver_studio2/resources/app/resources/win32/components/wch/toolchain/risc-v embedded gcc/bin/../lib/gcc/riscv-none-embed/8.2.0/rv32imac/ilp32\libgcc.a(_divdi3.o)
                              ./StdPeriphDriver/CH59x_clk.o (__divdi3)
c:/users/jenny/mounriver_studio2/resources/app/resources/win32/components/wch/toolchain/risc-v embedded gcc/bin/../lib/gcc/riscv-none-embed/8.2.0/rv32imac/ilp32\libgcc.a(_clz.o)
                              c:/users/jenny/mounriver_studio2/resources/app/resources/win32/components/wch/toolchain/risc-v embedded gcc/bin/../lib/gcc/riscv-none-embed/8.2.0/rv32imac/ilp32\libgcc.a(_divdi3.o) (__clz_tab)

Discarded input sections

 .text          0x0000000000000000        0x0 ./User/Modules/Uart_Port.o
 .data          0x0000000000000000        0x0 ./User/Modules/Uart_Port.o
 .bss           0x0000000000000000        0x0 ./User/Modules/Uart_Port.o
 .debug_info    0x0000000000000000      0xc1a ./User/Modules/Uart_Port.o
 .debug_abbrev  0x0000000000000000      0x1b9 ./User/Modules/Uart_Port.o
 .debug_aranges
                0x0000000000000000       0x18 ./User/Modules/Uart_Port.o
 .debug_line    0x0000000000000000      0x28e ./User/Modules/Uart_Port.o
 .debug_str     0x0000000000000000      0x884 ./User/Modules/Uart_Port.o
 .comment       0x0000000000000000       0x34 ./User/Modules/Uart_Port.o
 .group         0x0000000000000000        0xc ./User/Main.o
 .group         0x0000000000000000        0xc ./User/Main.o
 .group         0x0000000000000000        0xc ./User/Main.o
 .group         0x0000000000000000        0xc ./User/Main.o
 .group         0x0000000000000000        0xc ./User/Main.o
 .group         0x0000000000000000        0xc ./User/Main.o
 .group         0x0000000000000000        0xc ./User/Main.o
 .group         0x0000000000000000        0xc ./User/Main.o
 .group         0x0000000000000000        0xc ./User/Main.o
 .group         0x0000000000000000        0xc ./User/Main.o
 .group         0x0000000000000000        0xc ./User/Main.o
 .group         0x0000000000000000        0xc ./User/Main.o
 .group         0x0000000000000000        0xc ./User/Main.o
 .group         0x0000000000000000        0xc ./User/Main.o
 .group         0x0000000000000000        0xc ./User/Main.o
 .group         0x0000000000000000        0xc ./User/Main.o
 .group         0x0000000000000000       0x14 ./User/Main.o
 .text          0x0000000000000000        0x0 ./User/Main.o
 .data          0x0000000000000000        0x0 ./User/Main.o
 .bss           0x0000000000000000        0x0 ./User/Main.o
 .eh_frame      0x0000000000000000      0x350 ./User/Main.o
 .text          0x0000000000000000        0x0 ./StdPeriphDriver/CH59x_clk.o
 .data          0x0000000000000000        0x0 ./StdPeriphDriver/CH59x_clk.o
 .bss           0x0000000000000000        0x0 ./StdPeriphDriver/CH59x_clk.o
 .text.LClk32K_Cfg
                0x0000000000000000       0x66 ./StdPeriphDriver/CH59x_clk.o
 .text.HSECFG_Current
                0x0000000000000000       0x4e ./StdPeriphDriver/CH59x_clk.o
 .text.HSECFG_Capacitance
                0x0000000000000000       0x52 ./StdPeriphDriver/CH59x_clk.o
 .text.LSECFG_Current
                0x0000000000000000       0x4e ./StdPeriphDriver/CH59x_clk.o
 .text.LClk32K_Select
                0x0000000000000000       0x6a ./StdPeriphDriver/CH59x_clk.o
 .text.LSECFG_Capacitance
                0x0000000000000000       0x50 ./StdPeriphDriver/CH59x_clk.o
 .text.RTC_InitTime
                0x0000000000000000      0x1d0 ./StdPeriphDriver/CH59x_clk.o
 .text.RTC_GetTime
                0x0000000000000000      0x15c ./StdPeriphDriver/CH59x_clk.o
 .text.RTC_SetCycle32k
                0x0000000000000000       0x72 ./StdPeriphDriver/CH59x_clk.o
 .highcode      0x0000000000000000       0x18 ./StdPeriphDriver/CH59x_clk.o
 .text.Calibration_LSI
                0x0000000000000000      0x8c4 ./StdPeriphDriver/CH59x_clk.o
 .text.RTC_TMRFunCfg
                0x0000000000000000       0x84 ./StdPeriphDriver/CH59x_clk.o
 .text.RTC_TRIGFunCfg
                0x0000000000000000       0x6e ./StdPeriphDriver/CH59x_clk.o
 .text.RTC_ModeFunDisable
                0x0000000000000000       0x5c ./StdPeriphDriver/CH59x_clk.o
 .text.RTC_GetITFlag
                0x0000000000000000       0x1a ./StdPeriphDriver/CH59x_clk.o
 .text.RTC_ClearITFlag
                0x0000000000000000       0x20 ./StdPeriphDriver/CH59x_clk.o
 .debug_info    0x0000000000000000     0x2242 ./StdPeriphDriver/CH59x_clk.o
 .debug_abbrev  0x0000000000000000      0x462 ./StdPeriphDriver/CH59x_clk.o
 .debug_loc     0x0000000000000000      0xccc ./StdPeriphDriver/CH59x_clk.o
 .debug_aranges
                0x0000000000000000       0x98 ./StdPeriphDriver/CH59x_clk.o
 .debug_ranges  0x0000000000000000      0x1b8 ./StdPeriphDriver/CH59x_clk.o
 .debug_line    0x0000000000000000     0x2b96 ./StdPeriphDriver/CH59x_clk.o
 .debug_str     0x0000000000000000      0xd26 ./StdPeriphDriver/CH59x_clk.o
 .comment       0x0000000000000000       0x34 ./StdPeriphDriver/CH59x_clk.o
 .debug_frame   0x0000000000000000      0x1e4 ./StdPeriphDriver/CH59x_clk.o
 .text          0x0000000000000000        0x0 ./StdPeriphDriver/CH59x_flash.o
 .data          0x0000000000000000        0x0 ./StdPeriphDriver/CH59x_flash.o
 .bss           0x0000000000000000        0x0 ./StdPeriphDriver/CH59x_flash.o
 .text.FLASH_ROM_READ
                0x0000000000000000       0x1c ./StdPeriphDriver/CH59x_flash.o
 .text.UserOptionByteConfig
                0x0000000000000000       0xdc ./StdPeriphDriver/CH59x_flash.o
 .text.UserOptionByteClose_SWD
                0x0000000000000000       0x7e ./StdPeriphDriver/CH59x_flash.o
 .text.UserOptionByte_Active
                0x0000000000000000       0x88 ./StdPeriphDriver/CH59x_flash.o
 .text.GET_UNIQUE_ID
                0x0000000000000000       0x5a ./StdPeriphDriver/CH59x_flash.o
 .debug_info    0x0000000000000000     0x1075 ./StdPeriphDriver/CH59x_flash.o
 .debug_abbrev  0x0000000000000000      0x349 ./StdPeriphDriver/CH59x_flash.o
 .debug_loc     0x0000000000000000      0x266 ./StdPeriphDriver/CH59x_flash.o
 .debug_aranges
                0x0000000000000000       0x40 ./StdPeriphDriver/CH59x_flash.o
 .debug_ranges  0x0000000000000000       0x30 ./StdPeriphDriver/CH59x_flash.o
 .debug_line    0x0000000000000000      0x8b0 ./StdPeriphDriver/CH59x_flash.o
 .debug_str     0x0000000000000000      0x970 ./StdPeriphDriver/CH59x_flash.o
 .comment       0x0000000000000000       0x34 ./StdPeriphDriver/CH59x_flash.o
 .debug_frame   0x0000000000000000       0xa4 ./StdPeriphDriver/CH59x_flash.o
 .text          0x0000000000000000        0x0 ./StdPeriphDriver/CH59x_gpio.o
 .data          0x0000000000000000        0x0 ./StdPeriphDriver/CH59x_gpio.o
 .bss           0x0000000000000000        0x0 ./StdPeriphDriver/CH59x_gpio.o
 .text.GPIOA_ITModeCfg
                0x0000000000000000       0x82 ./StdPeriphDriver/CH59x_gpio.o
 .text.GPIOB_ITModeCfg
                0x0000000000000000       0x8a ./StdPeriphDriver/CH59x_gpio.o
 .text.GPIOPinRemap
                0x0000000000000000       0x1a ./StdPeriphDriver/CH59x_gpio.o
 .text.GPIOAGPPCfg
                0x0000000000000000       0x1a ./StdPeriphDriver/CH59x_gpio.o
 .text          0x0000000000000000        0x0 ./StdPeriphDriver/CH59x_i2c.o
 .data          0x0000000000000000        0x0 ./StdPeriphDriver/CH59x_i2c.o
 .bss           0x0000000000000000        0x0 ./StdPeriphDriver/CH59x_i2c.o
 .text.I2C_Cmd  0x0000000000000000       0x20 ./StdPeriphDriver/CH59x_i2c.o
 .text.I2C_GenerateSTART
                0x0000000000000000       0x22 ./StdPeriphDriver/CH59x_i2c.o
 .text.I2C_GenerateSTOP
                0x0000000000000000       0x22 ./StdPeriphDriver/CH59x_i2c.o
 .text.I2C_AcknowledgeConfig
                0x0000000000000000       0x22 ./StdPeriphDriver/CH59x_i2c.o
 .text.I2C_OwnAddress2Config
                0x0000000000000000       0x28 ./StdPeriphDriver/CH59x_i2c.o
 .text.I2C_DualAddressCmd
                0x0000000000000000       0x20 ./StdPeriphDriver/CH59x_i2c.o
 .text.I2C_GeneralCallCmd
                0x0000000000000000       0x22 ./StdPeriphDriver/CH59x_i2c.o
 .text.I2C_ITConfig
                0x0000000000000000       0x1e ./StdPeriphDriver/CH59x_i2c.o
 .text.I2C_SendData
                0x0000000000000000        0xa ./StdPeriphDriver/CH59x_i2c.o
 .text.I2C_ReceiveData
                0x0000000000000000        0xe ./StdPeriphDriver/CH59x_i2c.o
 .text.I2C_Send7bitAddress
                0x0000000000000000       0x18 ./StdPeriphDriver/CH59x_i2c.o
 .text.I2C_SoftwareResetCmd
                0x0000000000000000       0x1a ./StdPeriphDriver/CH59x_i2c.o
 .text.I2C_Init
                0x0000000000000000      0x162 ./StdPeriphDriver/CH59x_i2c.o
 .text.I2C_NACKPositionConfig
                0x0000000000000000       0x2a ./StdPeriphDriver/CH59x_i2c.o
 .text.I2C_SMBusAlertConfig
                0x0000000000000000       0x24 ./StdPeriphDriver/CH59x_i2c.o
 .text.I2C_TransmitPEC
                0x0000000000000000       0x20 ./StdPeriphDriver/CH59x_i2c.o
 .text.I2C_PECPositionConfig
                0x0000000000000000        0x8 ./StdPeriphDriver/CH59x_i2c.o
 .text.I2C_CalculatePEC
                0x0000000000000000       0x22 ./StdPeriphDriver/CH59x_i2c.o
 .text.I2C_GetPEC
                0x0000000000000000        0xc ./StdPeriphDriver/CH59x_i2c.o
 .text.I2C_ARPCmd
                0x0000000000000000       0x20 ./StdPeriphDriver/CH59x_i2c.o
 .text.I2C_StretchClockCmd
                0x0000000000000000       0x22 ./StdPeriphDriver/CH59x_i2c.o
 .text.I2C_FastModeDutyCycleConfig
                0x0000000000000000       0x24 ./StdPeriphDriver/CH59x_i2c.o
 .text.I2C_CheckEvent
                0x0000000000000000       0x20 ./StdPeriphDriver/CH59x_i2c.o
 .text.I2C_GetLastEvent
                0x0000000000000000       0x16 ./StdPeriphDriver/CH59x_i2c.o
 .text.I2C_GetFlagStatus
                0x0000000000000000       0x3a ./StdPeriphDriver/CH59x_i2c.o
 .text.I2C_ClearFlag
                0x0000000000000000       0x12 ./StdPeriphDriver/CH59x_i2c.o
 .text.I2C_GetITStatus
                0x0000000000000000       0x26 ./StdPeriphDriver/CH59x_i2c.o
 .text.I2C_ClearITPendingBit
                0x0000000000000000        0x8 ./StdPeriphDriver/CH59x_i2c.o
 .debug_info    0x0000000000000000     0x138e ./StdPeriphDriver/CH59x_i2c.o
 .debug_abbrev  0x0000000000000000      0x3c2 ./StdPeriphDriver/CH59x_i2c.o
 .debug_loc     0x0000000000000000      0x5b8 ./StdPeriphDriver/CH59x_i2c.o
 .debug_aranges
                0x0000000000000000       0xe8 ./StdPeriphDriver/CH59x_i2c.o
 .debug_ranges  0x0000000000000000      0x120 ./StdPeriphDriver/CH59x_i2c.o
 .debug_line    0x0000000000000000      0xfe2 ./StdPeriphDriver/CH59x_i2c.o
 .debug_str     0x0000000000000000      0xca0 ./StdPeriphDriver/CH59x_i2c.o
 .comment       0x0000000000000000       0x34 ./StdPeriphDriver/CH59x_i2c.o
 .debug_frame   0x0000000000000000      0x1fc ./StdPeriphDriver/CH59x_i2c.o
 .text          0x0000000000000000        0x0 ./StdPeriphDriver/CH59x_lcd.o
 .data          0x0000000000000000        0x0 ./StdPeriphDriver/CH59x_lcd.o
 .bss           0x0000000000000000        0x0 ./StdPeriphDriver/CH59x_lcd.o
 .text.LCD_Init
                0x0000000000000000       0x38 ./StdPeriphDriver/CH59x_lcd.o
 .debug_info    0x0000000000000000      0xceb ./StdPeriphDriver/CH59x_lcd.o
 .debug_abbrev  0x0000000000000000      0x208 ./StdPeriphDriver/CH59x_lcd.o
 .debug_loc     0x0000000000000000       0x42 ./StdPeriphDriver/CH59x_lcd.o
 .debug_aranges
                0x0000000000000000       0x20 ./StdPeriphDriver/CH59x_lcd.o
 .debug_ranges  0x0000000000000000       0x10 ./StdPeriphDriver/CH59x_lcd.o
 .debug_line    0x0000000000000000      0x340 ./StdPeriphDriver/CH59x_lcd.o
 .debug_str     0x0000000000000000      0x8dd ./StdPeriphDriver/CH59x_lcd.o
 .comment       0x0000000000000000       0x34 ./StdPeriphDriver/CH59x_lcd.o
 .debug_frame   0x0000000000000000       0x20 ./StdPeriphDriver/CH59x_lcd.o
 .text          0x0000000000000000        0x0 ./StdPeriphDriver/CH59x_pwr.o
 .data          0x0000000000000000        0x0 ./StdPeriphDriver/CH59x_pwr.o
 .bss           0x0000000000000000        0x0 ./StdPeriphDriver/CH59x_pwr.o
 .text.PWR_DCDCCfg
                0x0000000000000000      0x122 ./StdPeriphDriver/CH59x_pwr.o
 .text.PWR_UnitModCfg
                0x0000000000000000       0x5e ./StdPeriphDriver/CH59x_pwr.o
 .text.PWR_PeriphClkCfg
                0x0000000000000000       0x52 ./StdPeriphDriver/CH59x_pwr.o
 .text.PWR_PeriphWakeUpCfg
                0x0000000000000000       0xfc ./StdPeriphDriver/CH59x_pwr.o
 .text.PowerMonitor
                0x0000000000000000       0xec ./StdPeriphDriver/CH59x_pwr.o
 .highcode      0x0000000000000000      0x538 ./StdPeriphDriver/CH59x_pwr.o
 .debug_info    0x0000000000000000     0x2055 ./StdPeriphDriver/CH59x_pwr.o
 .debug_abbrev  0x0000000000000000      0x416 ./StdPeriphDriver/CH59x_pwr.o
 .debug_loc     0x0000000000000000      0x7a0 ./StdPeriphDriver/CH59x_pwr.o
 .debug_aranges
                0x0000000000000000       0x60 ./StdPeriphDriver/CH59x_pwr.o
 .debug_ranges  0x0000000000000000      0x148 ./StdPeriphDriver/CH59x_pwr.o
 .debug_line    0x0000000000000000     0x1c54 ./StdPeriphDriver/CH59x_pwr.o
 .debug_str     0x0000000000000000      0xbf7 ./StdPeriphDriver/CH59x_pwr.o
 .comment       0x0000000000000000       0x34 ./StdPeriphDriver/CH59x_pwr.o
 .debug_frame   0x0000000000000000      0x160 ./StdPeriphDriver/CH59x_pwr.o
 .text          0x0000000000000000        0x0 ./StdPeriphDriver/CH59x_sys.o
 .data          0x0000000000000000        0x0 ./StdPeriphDriver/CH59x_sys.o
 .bss           0x0000000000000000        0x0 ./StdPeriphDriver/CH59x_sys.o
 .text.SYS_GetInfoSta
                0x0000000000000000       0x24 ./StdPeriphDriver/CH59x_sys.o
 .text.SYS_DisableAllIrq
                0x0000000000000000       0x20 ./StdPeriphDriver/CH59x_sys.o
 .text.SYS_RecoverIrq
                0x0000000000000000       0x14 ./StdPeriphDriver/CH59x_sys.o
 .text.SYS_GetSysTickCnt
                0x0000000000000000        0xa ./StdPeriphDriver/CH59x_sys.o
 .text.WWDG_ITCfg
                0x0000000000000000       0x58 ./StdPeriphDriver/CH59x_sys.o
 .text.WWDG_ResetCfg
                0x0000000000000000       0x58 ./StdPeriphDriver/CH59x_sys.o
 .text.WWDG_ClearFlag
                0x0000000000000000       0x4a ./StdPeriphDriver/CH59x_sys.o
 .text._write   0x0000000000000000       0x28 ./StdPeriphDriver/CH59x_sys.o
 .text._sbrk    0x0000000000000000       0x34 ./StdPeriphDriver/CH59x_sys.o
 .sdata.curbrk.3970
                0x0000000000000000        0x4 ./StdPeriphDriver/CH59x_sys.o
 .text          0x0000000000000000        0x0 ./StdPeriphDriver/CH59x_uart0.o
 .data          0x0000000000000000        0x0 ./StdPeriphDriver/CH59x_uart0.o
 .bss           0x0000000000000000        0x0 ./StdPeriphDriver/CH59x_uart0.o
 .text.UART0_BaudRateCfg
                0x0000000000000000       0x36 ./StdPeriphDriver/CH59x_uart0.o
 .text.UART0_DefInit
                0x0000000000000000       0x38 ./StdPeriphDriver/CH59x_uart0.o
 .text.UART0_ByteTrigCfg
                0x0000000000000000       0x1a ./StdPeriphDriver/CH59x_uart0.o
 .text.UART0_INTCfg
                0x0000000000000000       0x2a ./StdPeriphDriver/CH59x_uart0.o
 .text.UART0_Reset
                0x0000000000000000        0xe ./StdPeriphDriver/CH59x_uart0.o
 .text.UART0_SendString
                0x0000000000000000       0x28 ./StdPeriphDriver/CH59x_uart0.o
 .text.UART0_RecvString
                0x0000000000000000       0x2a ./StdPeriphDriver/CH59x_uart0.o
 .debug_info    0x0000000000000000      0xe0a ./StdPeriphDriver/CH59x_uart0.o
 .debug_abbrev  0x0000000000000000      0x2aa ./StdPeriphDriver/CH59x_uart0.o
 .debug_loc     0x0000000000000000      0x1ed ./StdPeriphDriver/CH59x_uart0.o
 .debug_aranges
                0x0000000000000000       0x50 ./StdPeriphDriver/CH59x_uart0.o
 .debug_ranges  0x0000000000000000       0x40 ./StdPeriphDriver/CH59x_uart0.o
 .debug_line    0x0000000000000000      0x637 ./StdPeriphDriver/CH59x_uart0.o
 .debug_str     0x0000000000000000      0x944 ./StdPeriphDriver/CH59x_uart0.o
 .comment       0x0000000000000000       0x34 ./StdPeriphDriver/CH59x_uart0.o
 .debug_frame   0x0000000000000000       0x9c ./StdPeriphDriver/CH59x_uart0.o
 .text          0x0000000000000000        0x0 ./StdPeriphDriver/CH59x_uart1.o
 .data          0x0000000000000000        0x0 ./StdPeriphDriver/CH59x_uart1.o
 .bss           0x0000000000000000        0x0 ./StdPeriphDriver/CH59x_uart1.o
 .text.UART1_BaudRateCfg
                0x0000000000000000       0x36 ./StdPeriphDriver/CH59x_uart1.o
 .text.UART1_DefInit
                0x0000000000000000       0x38 ./StdPeriphDriver/CH59x_uart1.o
 .text.UART1_ByteTrigCfg
                0x0000000000000000       0x1a ./StdPeriphDriver/CH59x_uart1.o
 .text.UART1_INTCfg
                0x0000000000000000       0x2a ./StdPeriphDriver/CH59x_uart1.o
 .text.UART1_Reset
                0x0000000000000000        0xe ./StdPeriphDriver/CH59x_uart1.o
 .text.UART1_SendString
                0x0000000000000000       0x28 ./StdPeriphDriver/CH59x_uart1.o
 .text.UART1_RecvString
                0x0000000000000000       0x2a ./StdPeriphDriver/CH59x_uart1.o
 .debug_info    0x0000000000000000      0xe0a ./StdPeriphDriver/CH59x_uart1.o
 .debug_abbrev  0x0000000000000000      0x2aa ./StdPeriphDriver/CH59x_uart1.o
 .debug_loc     0x0000000000000000      0x1ed ./StdPeriphDriver/CH59x_uart1.o
 .debug_aranges
                0x0000000000000000       0x50 ./StdPeriphDriver/CH59x_uart1.o
 .debug_ranges  0x0000000000000000       0x40 ./StdPeriphDriver/CH59x_uart1.o
 .debug_line    0x0000000000000000      0x637 ./StdPeriphDriver/CH59x_uart1.o
 .debug_str     0x0000000000000000      0x944 ./StdPeriphDriver/CH59x_uart1.o
 .comment       0x0000000000000000       0x34 ./StdPeriphDriver/CH59x_uart1.o
 .debug_frame   0x0000000000000000       0x9c ./StdPeriphDriver/CH59x_uart1.o
 .text          0x0000000000000000        0x0 ./Startup/startup_CH592.o
 .data          0x0000000000000000        0x0 ./Startup/startup_CH592.o
 .bss           0x0000000000000000        0x0 ./Startup/startup_CH592.o
 .text          0x0000000000000000        0x0 ./RVMSIS/core_riscv.o
 .data          0x0000000000000000        0x0 ./RVMSIS/core_riscv.o
 .bss           0x0000000000000000        0x0 ./RVMSIS/core_riscv.o
 .text.__get_MSTATUS
                0x0000000000000000        0x6 ./RVMSIS/core_riscv.o
 .text.__set_MSTATUS
                0x0000000000000000        0x6 ./RVMSIS/core_riscv.o
 .text.__get_MISA
                0x0000000000000000        0x6 ./RVMSIS/core_riscv.o
 .text.__set_MISA
                0x0000000000000000        0x6 ./RVMSIS/core_riscv.o
 .text.__get_MTVEC
                0x0000000000000000        0x6 ./RVMSIS/core_riscv.o
 .text.__set_MTVEC
                0x0000000000000000        0x6 ./RVMSIS/core_riscv.o
 .text.__get_MSCRATCH
                0x0000000000000000        0x6 ./RVMSIS/core_riscv.o
 .text.__set_MSCRATCH
                0x0000000000000000        0x6 ./RVMSIS/core_riscv.o
 .text.__get_MEPC
                0x0000000000000000        0x6 ./RVMSIS/core_riscv.o
 .text.__set_MEPC
                0x0000000000000000        0x6 ./RVMSIS/core_riscv.o
 .text.__get_MCAUSE
                0x0000000000000000        0x6 ./RVMSIS/core_riscv.o
 .text.__set_MCAUSE
                0x0000000000000000        0x6 ./RVMSIS/core_riscv.o
 .text.__get_MTVAL
                0x0000000000000000        0x6 ./RVMSIS/core_riscv.o
 .text.__set_MTVAL
                0x0000000000000000        0x6 ./RVMSIS/core_riscv.o
 .text.__get_MVENDORID
                0x0000000000000000        0x6 ./RVMSIS/core_riscv.o
 .text.__get_MARCHID
                0x0000000000000000        0x6 ./RVMSIS/core_riscv.o
 .text.__get_MIMPID
                0x0000000000000000        0x6 ./RVMSIS/core_riscv.o
 .text.__get_MHARTID
                0x0000000000000000        0x6 ./RVMSIS/core_riscv.o
 .text.__get_SP
                0x0000000000000000        0x4 ./RVMSIS/core_riscv.o
 .debug_info    0x0000000000000000      0x376 ./RVMSIS/core_riscv.o
 .debug_abbrev  0x0000000000000000       0xe0 ./RVMSIS/core_riscv.o
 .debug_aranges
                0x0000000000000000       0xb0 ./RVMSIS/core_riscv.o
 .debug_ranges  0x0000000000000000       0xa0 ./RVMSIS/core_riscv.o
 .debug_line    0x0000000000000000      0x4a8 ./RVMSIS/core_riscv.o
 .debug_str     0x0000000000000000      0x2ba ./RVMSIS/core_riscv.o
 .comment       0x0000000000000000       0x34 ./RVMSIS/core_riscv.o
 .debug_frame   0x0000000000000000      0x140 ./RVMSIS/core_riscv.o
 .text          0x0000000000000000        0x0 c:/Users/Jenny/mounriver-studio-projects/UART_test/StdPeriphDriver\libISP592.a(ISP583.o)
 .data          0x0000000000000000        0x0 c:/Users/Jenny/mounriver-studio-projects/UART_test/StdPeriphDriver\libISP592.a(ISP583.o)
 .bss           0x0000000000000000        0x0 c:/Users/Jenny/mounriver-studio-projects/UART_test/StdPeriphDriver\libISP592.a(ISP583.o)
 .text          0x0000000000000000        0x0 c:/users/jenny/mounriver_studio2/resources/app/resources/win32/components/wch/toolchain/risc-v embedded gcc/bin/../lib/gcc/riscv-none-embed/8.2.0/rv32imac/ilp32\libgcc.a(_divdi3.o)
 .data          0x0000000000000000        0x0 c:/users/jenny/mounriver_studio2/resources/app/resources/win32/components/wch/toolchain/risc-v embedded gcc/bin/../lib/gcc/riscv-none-embed/8.2.0/rv32imac/ilp32\libgcc.a(_divdi3.o)
 .bss           0x0000000000000000        0x0 c:/users/jenny/mounriver_studio2/resources/app/resources/win32/components/wch/toolchain/risc-v embedded gcc/bin/../lib/gcc/riscv-none-embed/8.2.0/rv32imac/ilp32\libgcc.a(_divdi3.o)
 .text.__divdi3
                0x0000000000000000      0x3d8 c:/users/jenny/mounriver_studio2/resources/app/resources/win32/components/wch/toolchain/risc-v embedded gcc/bin/../lib/gcc/riscv-none-embed/8.2.0/rv32imac/ilp32\libgcc.a(_divdi3.o)
 .eh_frame      0x0000000000000000       0x28 c:/users/jenny/mounriver_studio2/resources/app/resources/win32/components/wch/toolchain/risc-v embedded gcc/bin/../lib/gcc/riscv-none-embed/8.2.0/rv32imac/ilp32\libgcc.a(_divdi3.o)
 .text          0x0000000000000000        0x0 c:/users/jenny/mounriver_studio2/resources/app/resources/win32/components/wch/toolchain/risc-v embedded gcc/bin/../lib/gcc/riscv-none-embed/8.2.0/rv32imac/ilp32\libgcc.a(_clz.o)
 .data          0x0000000000000000        0x0 c:/users/jenny/mounriver_studio2/resources/app/resources/win32/components/wch/toolchain/risc-v embedded gcc/bin/../lib/gcc/riscv-none-embed/8.2.0/rv32imac/ilp32\libgcc.a(_clz.o)
 .bss           0x0000000000000000        0x0 c:/users/jenny/mounriver_studio2/resources/app/resources/win32/components/wch/toolchain/risc-v embedded gcc/bin/../lib/gcc/riscv-none-embed/8.2.0/rv32imac/ilp32\libgcc.a(_clz.o)
 .rodata.__clz_tab
                0x0000000000000000      0x100 c:/users/jenny/mounriver_studio2/resources/app/resources/win32/components/wch/toolchain/risc-v embedded gcc/bin/../lib/gcc/riscv-none-embed/8.2.0/rv32imac/ilp32\libgcc.a(_clz.o)

Memory Configuration

Name             Origin             Length             Attributes
FLASH            0x0000000000000000 0x0000000000070000 xr
RAM              0x0000000020000000 0x0000000000006800 xrw
*default*        0x0000000000000000 0xffffffffffffffff

Linker script and memory map

LOAD ./User/Modules/Uart_Port.o
LOAD ./User/Main.o
LOAD ./StdPeriphDriver/CH59x_clk.o
LOAD ./StdPeriphDriver/CH59x_flash.o
LOAD ./StdPeriphDriver/CH59x_gpio.o
LOAD ./StdPeriphDriver/CH59x_i2c.o
LOAD ./StdPeriphDriver/CH59x_lcd.o
LOAD ./StdPeriphDriver/CH59x_pwr.o
LOAD ./StdPeriphDriver/CH59x_sys.o
LOAD ./StdPeriphDriver/CH59x_uart0.o
LOAD ./StdPeriphDriver/CH59x_uart1.o
LOAD ./Startup/startup_CH592.o
LOAD ./RVMSIS/core_riscv.o
LOAD c:/Users/Jenny/mounriver-studio-projects/UART_test/StdPeriphDriver\libISP592.a
LOAD c:/users/jenny/mounriver_studio2/resources/app/resources/win32/components/wch/toolchain/risc-v embedded gcc/bin/../lib/gcc/riscv-none-embed/8.2.0/../../../../riscv-none-embed/lib/rv32imac/ilp32\libstdc++_nano.a
LOAD c:/users/jenny/mounriver_studio2/resources/app/resources/win32/components/wch/toolchain/risc-v embedded gcc/bin/../lib/gcc/riscv-none-embed/8.2.0/../../../../riscv-none-embed/lib/rv32imac/ilp32\libm.a
LOAD c:/users/jenny/mounriver_studio2/resources/app/resources/win32/components/wch/toolchain/risc-v embedded gcc/bin/../lib/gcc/riscv-none-embed/8.2.0/rv32imac/ilp32\libgcc.a
LOAD c:/users/jenny/mounriver_studio2/resources/app/resources/win32/components/wch/toolchain/risc-v embedded gcc/bin/../lib/gcc/riscv-none-embed/8.2.0/../../../../riscv-none-embed/lib/rv32imac/ilp32\libg_nano.a
LOAD c:/users/jenny/mounriver_studio2/resources/app/resources/win32/components/wch/toolchain/risc-v embedded gcc/bin/../lib/gcc/riscv-none-embed/8.2.0/../../../../riscv-none-embed/lib/rv32imac/ilp32\libc_nano.a
LOAD c:/users/jenny/mounriver_studio2/resources/app/resources/win32/components/wch/toolchain/risc-v embedded gcc/bin/../lib/gcc/riscv-none-embed/8.2.0/rv32imac/ilp32\libgcc.a
START GROUP
LOAD c:/users/jenny/mounriver_studio2/resources/app/resources/win32/components/wch/toolchain/risc-v embedded gcc/bin/../lib/gcc/riscv-none-embed/8.2.0/rv32imac/ilp32\libgcc.a
LOAD c:/users/jenny/mounriver_studio2/resources/app/resources/win32/components/wch/toolchain/risc-v embedded gcc/bin/../lib/gcc/riscv-none-embed/8.2.0/../../../../riscv-none-embed/lib/rv32imac/ilp32\libc_nano.a
LOAD c:/users/jenny/mounriver_studio2/resources/app/resources/win32/components/wch/toolchain/risc-v embedded gcc/bin/../lib/gcc/riscv-none-embed/8.2.0/../../../../riscv-none-embed/lib/rv32imac/ilp32\libnosys.a
END GROUP
START GROUP
LOAD c:/users/jenny/mounriver_studio2/resources/app/resources/win32/components/wch/toolchain/risc-v embedded gcc/bin/../lib/gcc/riscv-none-embed/8.2.0/rv32imac/ilp32\libgcc.a
LOAD c:/users/jenny/mounriver_studio2/resources/app/resources/win32/components/wch/toolchain/risc-v embedded gcc/bin/../lib/gcc/riscv-none-embed/8.2.0/../../../../riscv-none-embed/lib/rv32imac/ilp32\libc_nano.a
LOAD c:/users/jenny/mounriver_studio2/resources/app/resources/win32/components/wch/toolchain/risc-v embedded gcc/bin/../lib/gcc/riscv-none-embed/8.2.0/../../../../riscv-none-embed/lib/rv32imac/ilp32\libnosys.a
END GROUP
                0x0000000000000200                __stack_size = 0x200
                [!provide]                        PROVIDE (_stack_size = __stack_size)

.init           0x0000000000000000        0x4
                0x0000000000000000                _sinit = .
                0x0000000000000000                . = ALIGN (0x4)
 *(SORT_NONE(.init))
 .init          0x0000000000000000        0x4 ./Startup/startup_CH592.o
                0x0000000000000000                _start
                0x0000000000000004                . = ALIGN (0x4)
                0x0000000000000004                _einit = .

.highcodelalign
                0x0000000000000004        0x0
                0x0000000000000004                . = ALIGN (0x4)
                0x0000000000000004                PROVIDE (_highcode_lma = .)

.highcode       0x0000000020000000      0x8c4 load address 0x0000000000000004
                0x0000000020000000                . = ALIGN (0x4)
                0x0000000020000000                PROVIDE (_highcode_vma_start = .)
 *(.vector)
 .vector        0x0000000020000000       0x90 ./Startup/startup_CH592.o
 *(SORT_NONE(.vector_handler))
 .vector_handler
                0x0000000020000090        0x2 ./Startup/startup_CH592.o
                0x0000000020000090                GPIOB_IRQHandler
                0x0000000020000090                GPIOA_IRQHandler
                0x0000000020000090                SysTick_Handler
                0x0000000020000090                NMI_Handler
                0x0000000020000090                UART0_IRQHandler
                0x0000000020000090                BB_IRQHandler
                0x0000000020000090                Break_Point_Handler
                0x0000000020000090                Ecall_M_Mode_Handler
                0x0000000020000090                RTC_IRQHandler
                0x0000000020000090                UART2_IRQHandler
                0x0000000020000090                PWMX_IRQHandler
                0x0000000020000090                ADC_IRQHandler
                0x0000000020000090                TMR2_IRQHandler
                0x0000000020000090                USB_IRQHandler
                0x0000000020000090                I2C_IRQHandler
                0x0000000020000090                LLE_IRQHandler
                0x0000000020000090                WDOG_BAT_IRQHandler
                0x0000000020000090                Ecall_U_Mode_Handler
                0x0000000020000090                TMR3_IRQHandler
                0x0000000020000090                SW_Handler
                0x0000000020000090                SPI0_IRQHandler
                0x0000000020000090                TMR1_IRQHandler
 *(.highcode)
 .highcode      0x0000000020000092      0x13c ./User/Main.o
                0x0000000020000092                TMR0_IRQHandler
                0x0000000020000146                UART1_IRQHandler
                0x000000002000018a                UART3_IRQHandler
 .highcode      0x00000000200001ce      0x2ce ./StdPeriphDriver/CH59x_sys.o
                0x00000000200001ce                SetSysClock
                0x000000002000038e                SYS_ResetExecute
                0x00000000200003e6                HardFault_Handler
                0x0000000020000466                mDelayuS
                0x0000000020000474                mDelaymS
 .highcode      0x000000002000049c      0x426 c:/Users/Jenny/mounriver-studio-projects/UART_test/StdPeriphDriver\libISP592.a(ISP583.o)
                0x000000002000049c                FLASH_ROM_BEG
                0x00000000200004ae                FLASH_ROM_END
                0x00000000200004bc                FLASH_ROM_IN
                0x00000000200004ca                FLASH_ROM_OUT
                0x00000000200004d8                FLASH_ROM_ADDR
                0x0000000020000520                FLASH_ROM_WAIT
                0x0000000020000558                FLASH_EEPROM_CMD
 *(.highcode.*)
                0x00000000200008c4                . = ALIGN (0x4)
 *fill*         0x00000000200008c2        0x2 
                0x00000000200008c4                PROVIDE (_highcode_vma_end = .)

.text           0x00000000000008c8      0xbf8
                0x00000000000008c8                . = ALIGN (0x4)
 *(SORT_NONE(.handle_reset))
 .handle_reset  0x00000000000008c8       0xb2 ./Startup/startup_CH592.o
                0x00000000000008c8                handle_reset
 *(.text)
 *(.text.*)
 .text._ZN8UartPortILm1073755136EL8GpioPort0ELm512ELm256E14UartMasterPortILm1073755136ELS0_0ELm512ELm256EEE16UART_ByteTrigCfgE19UARTByteTRIGTypeDef.isra.0
                0x000000000000097a       0x1a ./User/Main.o
 .text._ZN8UartPortILm1073757184EL8GpioPort0ELm32ELm16E13UartSlavePortILm1073757184ELS0_0ELm32ELm16EEE16UART_ByteTrigCfgE19UARTByteTRIGTypeDef.isra.4
                0x0000000000000994       0x1a ./User/Main.o
 .text._ZN8UartPortILm1073755136EL8GpioPort0ELm512ELm256E14UartMasterPortILm1073755136ELS0_0ELm512ELm256EEE17setTxCommandStateEv
                0x00000000000009ae       0x2e ./User/Main.o
                0x00000000000009ae                UartPort<1073755136ul, (GpioPort)0, 512ul, 256ul, UartMasterPort<1073755136ul, (GpioPort)0, 512ul, 256ul> >::setTxCommandState()
 .text._ZN8UartPortILm1073755136EL8GpioPort0ELm512ELm256E14UartMasterPortILm1073755136ELS0_0ELm512ELm256EEE15commandTransmitEv
                0x00000000000009dc       0x20 ./User/Main.o
                0x00000000000009dc                UartPort<1073755136ul, (GpioPort)0, 512ul, 256ul, UartMasterPort<1073755136ul, (GpioPort)0, 512ul, 256ul> >::commandTransmit()
 .text._ZN14UartMasterPortILm1073755136EL8GpioPort0ELm512ELm256EE4pollEv
                0x00000000000009fc       0x5c ./User/Main.o
                0x00000000000009fc                UartMasterPort<1073755136ul, (GpioPort)0, 512ul, 256ul>::poll()
 .text._ZN13UartSlavePortILm1073757184EL8GpioPort0ELm32ELm16EE12setIdleStateEv
                0x0000000000000a58       0x44 ./User/Main.o
                0x0000000000000a58                UartSlavePort<1073757184ul, (GpioPort)0, 32ul, 16ul>::setIdleState()
 .text._ZN8UartPortILm1073755136EL8GpioPort0ELm512ELm256E14UartMasterPortILm1073755136ELS0_0ELm512ELm256EEE12dataTransmitEv
                0x0000000000000a9c       0x44 ./User/Main.o
                0x0000000000000a9c                UartPort<1073755136ul, (GpioPort)0, 512ul, 256ul, UartMasterPort<1073755136ul, (GpioPort)0, 512ul, 256ul> >::dataTransmit()
 .text._ZN14UartMasterPortILm1073755136EL8GpioPort0ELm512ELm256EE12setIdleStateEv
                0x0000000000000ae0       0x4a ./User/Main.o
                0x0000000000000ae0                UartMasterPort<1073755136ul, (GpioPort)0, 512ul, 256ul>::setIdleState()
 .text._ZN8UartPortILm1073757184EL8GpioPort0ELm32ELm16E13UartSlavePortILm1073757184ELS0_0ELm32ELm16EEE17setTxCommandStateEv
                0x0000000000000b2a       0x2e ./User/Main.o
                0x0000000000000b2a                UartPort<1073757184ul, (GpioPort)0, 32ul, 16ul, UartSlavePort<1073757184ul, (GpioPort)0, 32ul, 16ul> >::setTxCommandState()
 .text._ZN8UartPortILm1073757184EL8GpioPort0ELm32ELm16E13UartSlavePortILm1073757184ELS0_0ELm32ELm16EEE12dataTransmitEv
                0x0000000000000b58       0x44 ./User/Main.o
                0x0000000000000b58                UartPort<1073757184ul, (GpioPort)0, 32ul, 16ul, UartSlavePort<1073757184ul, (GpioPort)0, 32ul, 16ul> >::dataTransmit()
 .text._ZN8UartPortILm1073755136EL8GpioPort0ELm512ELm256E14UartMasterPortILm1073755136ELS0_0ELm512ELm256EEE15setTriggerPointEt
                0x0000000000000b9c       0x38 ./User/Main.o
                0x0000000000000b9c                UartPort<1073755136ul, (GpioPort)0, 512ul, 256ul, UartMasterPort<1073755136ul, (GpioPort)0, 512ul, 256ul> >::setTriggerPoint(unsigned short)
 .text._ZN8UartPortILm1073755136EL8GpioPort0ELm512ELm256E14UartMasterPortILm1073755136ELS0_0ELm512ELm256EEE14setTxDataStateEv
                0x0000000000000bd4       0x32 ./User/Main.o
                0x0000000000000bd4                UartPort<1073755136ul, (GpioPort)0, 512ul, 256ul, UartMasterPort<1073755136ul, (GpioPort)0, 512ul, 256ul> >::setTxDataState()
 .text.startup.main
                0x0000000000000c06      0x276 ./User/Main.o
                0x0000000000000c06                main
 .text._ZN8UartPortILm1073755136EL8GpioPort0ELm512ELm256E14UartMasterPortILm1073755136ELS0_0ELm512ELm256EEE12echoReceivedEv
                0x0000000000000e7c       0x78 ./User/Main.o
                0x0000000000000e7c                UartPort<1073755136ul, (GpioPort)0, 512ul, 256ul, UartMasterPort<1073755136ul, (GpioPort)0, 512ul, 256ul> >::echoReceived()
 .text._ZN8UartPortILm1073755136EL8GpioPort0ELm512ELm256E14UartMasterPortILm1073755136ELS0_0ELm512ELm256EEE14setRxDataStateEv
                0x0000000000000ef4       0x2a ./User/Main.o
                0x0000000000000ef4                UartPort<1073755136ul, (GpioPort)0, 512ul, 256ul, UartMasterPort<1073755136ul, (GpioPort)0, 512ul, 256ul> >::setRxDataState()
 .text._ZN14UartMasterPortILm1073755136EL8GpioPort0ELm512ELm256EE17interruptReceivedEv
                0x0000000000000f1e      0x13a ./User/Main.o
                0x0000000000000f1e                UartMasterPort<1073755136ul, (GpioPort)0, 512ul, 256ul>::interruptReceived()
 .text._ZN8UartPortILm1073757184EL8GpioPort0ELm32ELm16E13UartSlavePortILm1073757184ELS0_0ELm32ELm16EEE15setTriggerPointEt
                0x0000000000001058       0x38 ./User/Main.o
                0x0000000000001058                UartPort<1073757184ul, (GpioPort)0, 32ul, 16ul, UartSlavePort<1073757184ul, (GpioPort)0, 32ul, 16ul> >::setTriggerPoint(unsigned short)
 .text._ZN8UartPortILm1073757184EL8GpioPort0ELm32ELm16E13UartSlavePortILm1073757184ELS0_0ELm32ELm16EEE14setTxDataStateEv
                0x0000000000001090       0x30 ./User/Main.o
                0x0000000000001090                UartPort<1073757184ul, (GpioPort)0, 32ul, 16ul, UartSlavePort<1073757184ul, (GpioPort)0, 32ul, 16ul> >::setTxDataState()
 .text._ZN8UartPortILm1073757184EL8GpioPort0ELm32ELm16E13UartSlavePortILm1073757184ELS0_0ELm32ELm16EEE12echoReceivedEv
                0x00000000000010c0       0x78 ./User/Main.o
                0x00000000000010c0                UartPort<1073757184ul, (GpioPort)0, 32ul, 16ul, UartSlavePort<1073757184ul, (GpioPort)0, 32ul, 16ul> >::echoReceived()
 .text._ZN13UartSlavePortILm1073757184EL8GpioPort0ELm32ELm16EE17interruptReceivedEv
                0x0000000000001138      0x15e ./User/Main.o
                0x0000000000001138                UartSlavePort<1073757184ul, (GpioPort)0, 32ul, 16ul>::interruptReceived()
 .text.startup._GLOBAL__sub_I_UART1
                0x0000000000001296       0x5c ./User/Main.o
 .text.GPIOA_ModeCfg
                0x00000000000012f2       0xa6 ./StdPeriphDriver/CH59x_gpio.o
                0x00000000000012f2                GPIOA_ModeCfg
 .text.GPIOB_ModeCfg
                0x0000000000001398       0xa6 ./StdPeriphDriver/CH59x_gpio.o
                0x0000000000001398                GPIOB_ModeCfg
 .text.GetSysClock
                0x000000000000143e       0x40 ./StdPeriphDriver/CH59x_sys.o
                0x000000000000143e                GetSysClock
 *(.rodata)
 *(.rodata*)
 *fill*         0x000000000000147e        0x2 
 .rodata._ZN13UartSlavePortILm1073757184EL8GpioPort0ELm32ELm16EE17interruptReceivedEv
                0x0000000000001480       0x18 ./User/Main.o
 .rodata.GPIOA_ModeCfg
                0x0000000000001498       0x14 ./StdPeriphDriver/CH59x_gpio.o
 .rodata.GPIOB_ModeCfg
                0x00000000000014ac       0x14 ./StdPeriphDriver/CH59x_gpio.o
 *(.sdata2.*)
 *(.glue_7)
 *(.glue_7t)
 *(.gnu.linkonce.t.*)
                0x00000000000014c0                . = ALIGN (0x4)

.rela.dyn       0x00000000000014c0        0x0
 .rela.text._ZN14UartMasterPortILm1073755136EL8GpioPort0ELm512ELm256EE4pollEv
                0x00000000000014c0        0x0 ./User/Main.o
 .rela.highcode
                0x00000000000014c0        0x0 ./User/Main.o
 .rela.text._ZN8UartPortILm1073755136EL8GpioPort0ELm512ELm256E14UartMasterPortILm1073755136ELS0_0ELm512ELm256EEE14setTxDataStateEv
                0x00000000000014c0        0x0 ./User/Main.o
 .rela.text.startup.main
                0x00000000000014c0        0x0 ./User/Main.o
 .rela.text._ZN8UartPortILm1073755136EL8GpioPort0ELm512ELm256E14UartMasterPortILm1073755136ELS0_0ELm512ELm256EEE12echoReceivedEv
                0x00000000000014c0        0x0 ./User/Main.o
 .rela.text._ZN8UartPortILm1073755136EL8GpioPort0ELm512ELm256E14UartMasterPortILm1073755136ELS0_0ELm512ELm256EEE14setRxDataStateEv
                0x00000000000014c0        0x0 ./User/Main.o
 .rela.text._ZN14UartMasterPortILm1073755136EL8GpioPort0ELm512ELm256EE17interruptReceivedEv
                0x00000000000014c0        0x0 ./User/Main.o
 .rela.text._ZN8UartPortILm1073757184EL8GpioPort0ELm32ELm16E13UartSlavePortILm1073757184ELS0_0ELm32ELm16EEE14setTxDataStateEv
                0x00000000000014c0        0x0 ./User/Main.o
 .rela.text._ZN8UartPortILm1073757184EL8GpioPort0ELm32ELm16E13UartSlavePortILm1073757184ELS0_0ELm32ELm16EEE12echoReceivedEv
                0x00000000000014c0        0x0 ./User/Main.o
 .rela.text._ZN13UartSlavePortILm1073757184EL8GpioPort0ELm32ELm16EE17interruptReceivedEv
                0x00000000000014c0        0x0 ./User/Main.o
 .rela.init     0x00000000000014c0        0x0 ./User/Main.o
 .rela.vector   0x00000000000014c0        0x0 ./User/Main.o
 .rela.handle_reset
                0x00000000000014c0        0x0 ./User/Main.o

.fini           0x00000000000014c0        0x0
 *(SORT_NONE(.fini))
                0x00000000000014c0                . = ALIGN (0x4)
                [!provide]                        PROVIDE (_etext = .)
                [!provide]                        PROVIDE (_eitcm = .)

.preinit_array  0x00000000000014c0        0x0
                [!provide]                        PROVIDE (__preinit_array_start = .)
 *(.preinit_array)
                [!provide]                        PROVIDE (__preinit_array_end = .)

.init_array     0x00000000000014c0        0x4
                [!provide]                        PROVIDE (__init_array_start = .)
 *(SORT_BY_INIT_PRIORITY(.init_array.*) SORT_BY_INIT_PRIORITY(.ctors.*))
 *(.init_array EXCLUDE_FILE(*crtend?.o *crtend.o *crtbegin?.o *crtbegin.o) .ctors)
 .init_array    0x00000000000014c0        0x4 ./User/Main.o
                [!provide]                        PROVIDE (__init_array_end = .)

.fini_array     0x00000000000014c4        0x0
                [!provide]                        PROVIDE (__fini_array_start = .)
 *(SORT_BY_INIT_PRIORITY(.fini_array.*) SORT_BY_INIT_PRIORITY(.dtors.*))
 *(.fini_array EXCLUDE_FILE(*crtend?.o *crtend.o *crtbegin?.o *crtbegin.o) .dtors)
                [!provide]                        PROVIDE (__fini_array_end = .)

.ctors
 *crtbegin.o(.ctors)
 *crtbegin?.o(.ctors)
 *(EXCLUDE_FILE(*crtend?.o *crtend.o) .ctors)
 *(SORT_BY_NAME(.ctors.*))
 *(.ctors)

.dtors
 *crtbegin.o(.dtors)
 *crtbegin?.o(.dtors)
 *(EXCLUDE_FILE(*crtend?.o *crtend.o) .dtors)
 *(SORT_BY_NAME(.dtors.*))
 *(.dtors)

.dalign         0x00000000200008c4        0x0 load address 0x00000000000014c4
                0x00000000200008c4                . = (ORIGIN (RAM) + SIZEOF (.highcode))

.dlalign        0x00000000000014c4        0x0
                0x00000000000014c4                . = ALIGN (0x4)
                0x00000000000014c4                PROVIDE (_data_lma = .)

.data           0x00000000200008c4       0x1c load address 0x00000000000014c4
                0x00000000200008c4                . = ALIGN (0x4)
                0x00000000200008c4                PROVIDE (_data_vma = .)
 *(.gnu.linkonce.r.*)
 *(.data .data.*)
 .data.TxBuff   0x00000000200008c4       0x18 ./User/Main.o
                0x00000000200008c4                TxBuff
 *(.gnu.linkonce.d.*)
                0x00000000200008e0                . = ALIGN (0x8)
 *fill*         0x00000000200008dc        0x4 
                0x00000000200010e0                PROVIDE (__global_pointer$ = (. + 0x800))
 *(.sdata .sdata.*)
 *(.gnu.linkonce.s.*)
                0x00000000200008e0                . = ALIGN (0x8)
 *(.srodata.cst16)
 *(.srodata.cst8)
 *(.srodata.cst4)
 *(.srodata.cst2)
 *(.srodata .srodata.*)
                0x00000000200008e0                . = ALIGN (0x4)
                0x00000000200008e0                PROVIDE (_edata = .)

.bss            0x00000000200008e0       0x64 load address 0x00000000000014e0
                0x00000000200008e0                . = ALIGN (0x4)
                0x00000000200008e0                PROVIDE (_sbss = .)
 *(.sbss*)
 .sbss.command  0x00000000200008e0        0x1 ./User/Main.o
                0x00000000200008e0                command
 *(.gnu.linkonce.sb.*)
 *(.bss*)
 *fill*         0x00000000200008e1        0x3 
 .bss.RxBuff    0x00000000200008e4       0x18 ./User/Main.o
                0x00000000200008e4                RxBuff
 .bss.RxBuff3   0x00000000200008fc       0x18 ./User/Main.o
                0x00000000200008fc                RxBuff3
 .bss.UART1     0x0000000020000914       0x18 ./User/Main.o
                0x0000000020000914                UART1
 .bss.UART3     0x000000002000092c       0x18 ./User/Main.o
                0x000000002000092c                UART3
 *(.gnu.linkonce.b.*)
 *(COMMON*)
                0x0000000020000944                . = ALIGN (0x4)
                0x0000000020000944                PROVIDE (_ebss = .)
                0x0000000020000944                PROVIDE (_end = _ebss)
                [!provide]                        PROVIDE (end = .)

.stack          0x0000000020006600      0x200
                0x0000000020006600                PROVIDE (_heap_end = .)
                0x0000000020006600                . = ALIGN (0x4)
                [!provide]                        PROVIDE (_susrstack = .)
                0x0000000020006800                . = (. + __stack_size)
 *fill*         0x0000000020006600      0x200 
                0x0000000020006800                PROVIDE (_eusrstack = .)
OUTPUT(UART_test.elf elf32-littleriscv)

.debug_info     0x0000000000000000     0x5b26
 .debug_info    0x0000000000000000     0x341d ./User/Main.o
 .debug_info    0x000000000000341d      0xe32 ./StdPeriphDriver/CH59x_gpio.o
 .debug_info    0x000000000000424f     0x18b5 ./StdPeriphDriver/CH59x_sys.o
 .debug_info    0x0000000000005b04       0x22 ./Startup/startup_CH592.o

.debug_abbrev   0x0000000000000000      0xd6a
 .debug_abbrev  0x0000000000000000      0x69d ./User/Main.o
 .debug_abbrev  0x000000000000069d      0x268 ./StdPeriphDriver/CH59x_gpio.o
 .debug_abbrev  0x0000000000000905      0x453 ./StdPeriphDriver/CH59x_sys.o
 .debug_abbrev  0x0000000000000d58       0x12 ./Startup/startup_CH592.o

.debug_loc      0x0000000000000000     0x16b4
 .debug_loc     0x0000000000000000      0xefd ./User/Main.o
 .debug_loc     0x0000000000000efd      0x361 ./StdPeriphDriver/CH59x_gpio.o
 .debug_loc     0x000000000000125e      0x456 ./StdPeriphDriver/CH59x_sys.o

.debug_aranges  0x0000000000000000      0x1e0
 .debug_aranges
                0x0000000000000000       0xd8 ./User/Main.o
 .debug_aranges
                0x00000000000000d8       0x48 ./StdPeriphDriver/CH59x_gpio.o
 .debug_aranges
                0x0000000000000120       0x90 ./StdPeriphDriver/CH59x_sys.o
 .debug_aranges
                0x00000000000001b0       0x30 ./Startup/startup_CH592.o

.debug_ranges   0x0000000000000000      0x5d8
 .debug_ranges  0x0000000000000000      0x498 ./User/Main.o
 .debug_ranges  0x0000000000000498       0x38 ./StdPeriphDriver/CH59x_gpio.o
 .debug_ranges  0x00000000000004d0       0xe0 ./StdPeriphDriver/CH59x_sys.o
 .debug_ranges  0x00000000000005b0       0x28 ./Startup/startup_CH592.o

.debug_line     0x0000000000000000     0x3331
 .debug_line    0x0000000000000000     0x184a ./User/Main.o
 .debug_line    0x000000000000184a      0x7f4 ./StdPeriphDriver/CH59x_gpio.o
 .debug_line    0x000000000000203e     0x11a8 ./StdPeriphDriver/CH59x_sys.o
 .debug_line    0x00000000000031e6      0x14b ./Startup/startup_CH592.o

.debug_str      0x0000000000000000     0x34d0
 .debug_str     0x0000000000000000     0x3142 ./User/Main.o
                                       0x329f (size before relaxing)
 .debug_str     0x0000000000003142      0x1a2 ./StdPeriphDriver/CH59x_gpio.o
                                        0x99f (size before relaxing)
 .debug_str     0x00000000000032e4      0x1c5 ./StdPeriphDriver/CH59x_sys.o
                                        0xbd2 (size before relaxing)
 .debug_str     0x00000000000034a9       0x27 ./Startup/startup_CH592.o
                                         0x5e (size before relaxing)

.comment        0x0000000000000000       0x33
 .comment       0x0000000000000000       0x33 ./User/Main.o
                                         0x34 (size before relaxing)
 .comment       0x0000000000000033       0x34 ./StdPeriphDriver/CH59x_gpio.o
 .comment       0x0000000000000033       0x34 ./StdPeriphDriver/CH59x_sys.o
 .comment       0x0000000000000033       0x34 c:/Users/Jenny/mounriver-studio-projects/UART_test/StdPeriphDriver\libISP592.a(ISP583.o)

.debug_frame    0x0000000000000000      0x1bc
 .debug_frame   0x0000000000000000       0x70 ./StdPeriphDriver/CH59x_gpio.o
 .debug_frame   0x0000000000000070      0x14c ./StdPeriphDriver/CH59x_sys.o
